oligo	WNT4	off_target
AAACCAGAGAG	True	BCL6,MYBPC1,MYOT,ZNF875
AACAAGAGACT	True	ABCF2-H2BK1,SETDB1,ZNF189
AACCCACAGGG	True	SETDB1
AACGCACTGTT	True	ADAMTS3,CFAP91,USP36
AAGACACTGCG	True	DPP9,DSC1,KLF4
ACACCCAAGGC	True	ATP1A2,MRPL12,OR13C9,SEPTIN3,TMUB2
ACACGTGCCGG	True	BCL6,NPIPB4,NPIPB5,TMPRSS2
ACAGGGCTTCC	True	
ACATGCAACAT	True	DSC1,FEM1A,RP1
ACCAAAGGCAA	True	
ACCCAGCTCAG	True	NSDHL,UIMC1,ZNF189
ACCGGCGCTCG	True	PPP1R13L
ACCTCAACAAC	True	ATF6,CDCA8,KRT5,NPIPB4,NPIPB5,SEPTIN3,SETDB1
ACCTCTACAAC	True	CDCA8,KRT5,MTMR8
ACCTGAGAGGC	True	CD209
ACCTGCAACAA	True	ARMT1,PLBD2,PUS3,TMPRSS2
ACTCGGTGCGA	True	
AGAAACACAAG	True	BCL6,KPNA1,NRIP1,PUS3,SETDB1,SYNCRIP
AGAAACTCAAG	True	ABCF2-H2BK1,CFAP91,DTNA,GSTM5,NPIPB4,NRIP1,RP1,TRIM22
AGAAGACGCTG	True	ABCF2-H2BK1,KLF4,MAPK12
AGAGGAGGAGA	True	CFAP45,CFAP91,GSTM5,HMOX1,IL20RA,MYBPC1,MYOT,PUS3,TRPM8
AGAGGCTATGA	True	MTMR8
AGATTAGGACC	True	
AGCAGGAGAAG	True	ARL4C,CFAP45,CFAP91,KPNA1,MYOT,NGDN,PGAM2,PLEKHM3
AGCAGTGACGC	True	RP1
AGCTGCAACTT	True	ARL4C,BCL6,LAP3,NPIPB4,NPIPB5
AGCTGTAAATT	True	ZC3H7A
AGGAACAAGCG	True	KRT5,MYBPC1
AGGAAGTCATG	True	BLMH,TMPRSS2,TRPM8,ZNF879
AGGAGAAGACC	True	ABCF2-H2BK1,CFAP45,ZNF879
AGGATGCCCTG	True	CFAP45,DNAJC22,ENPP2,HMOX1,KRT5,PTGES,TRPM8,USP36
AGGCTAAGAAG	True	MRPL12,SETDB1,TRIM22
AGTGGGGCGCT	True	CYSRT1,SLC7A14
AGTTGAGGACC	True	
ATCTCTTCGGC	True	
ATGAACTTCCA	True	ATF6,PPP1R13L
ATGAAGAAGAA	True	ATF6,ATP1A2,CDCA8,CFAP91,EVI2A,MYBPC1,NGDN,PUS3,RP1,USP36,ZC3H7A
ATGACGGAGAA	True	SEPTIN3,USP36,ZC3H7A,ZNF189
CAAAACAATGA	True	RP1,ZC3H7A
CAAGGCAAGAA	True	ATF6,SETDB1,ZC3H7A,ZNF879
CACAAGTGCCG	True	ABCF2-H2BK1,HDDC3,LAP3,TMPRSS2
CACCTGTGAGG	True	CFAP45,MTMR8
CACTCCGGCTC	True	DTNA,HS3ST2,PRRT1,USP36
CAGAGTGGCTA	True	CYP27B1,DSC1
CAGGCAGTGCC	True	NRIP1,TRIM22,WNT8A
CAGGGGGAGCT	True	KLHL33,NGDN,USP36
CAGGTCCAGAT	True	MAPK12,RP1
CAGTGGGCAGG	True	DTNA,PLBD2
CAGTGTCAGCG	True	ADAMTS3,ZC3H7A
CATCTCCTACG	True	DPP9,ENPP2,FEM1A,TRPM8,ZC3H7A
CATCTCCTCGG	True	ATF6,ATP1A2,PRR15,ZC3H7A
CCAAGCTGGCC	True	ABCF2-H2BK1,ANKRD33,DSC1,KRT5,MYADML2
CCACACTCGAA	True	BCL6,HS3ST2
CCACACTCGTC	True	DSC1
CCAGAGGCTGG	True	ENPP2,KRT5,USP36
CCAGGGCCCTG	True	CYP27B1,FEM1A,KLHL33,PGAM2,PPP1R13L,PRRT1,USP36,WNT8A
CCCATGCGGGT	True	NPIPB4,NPIPB5,NSDHL,PLBD2,STK25
CCGCCCGGTGG	True	KLF4,TMPRSS2
CCTCCACAACA	True	BCAP31,CDCA8,KRT5,USP36,WNT5A
CCTCGCCGCGT	True	NRARP
CCTGCAGGGCA	True	ATP1A2,PGAM2,TMPRSS2
CCTTCCGCCAC	True	ADAMTS3,DPP9
CCTTCTCACGG	True	SAA1
CCTTGCCCGGC	True	MRPL12,MYADML2
CGACTTCTGCG	True	
CGAGACGTGCC	True	
CGATCCGTGCC	True	CRHR1,KLF4
CGCTGCCCAGC	True	CYP26A1,IL20RA,KLHL33,PRR15
CGGCAGAGCCC	True	CCR2,DNAJC22,HS3ST2,KLHL33,SETDB1
CGGCAGCGCCA	True	USP36
CGGCGCTGCAA	True	CBX2,NRARP,PPP1R13L
CGGGAGGGAAG	True	
CGGTGGAGCTG	True	CYP26A1,JUNB,KRT5,USP36
CGTGACGCCCT	True	
CTACTCCTTGC	True	PLA2G10,PTGES
CTCCACAAAAA	True	
CTCCAGTGGTC	True	ATF6
CTCCTGTGAGT	True	NRIP1,SLC7A14,TRPM8
CTGCCGTCGGT	True	JUNB,PLA2G10
CTGCTGTGCAG	True	KLHL33,NRIP1,PTGES,SCYGR6,SLC7A14,SNX6
CTGGCTGACCG	True	CFAP91,NPIPB4,NPIPB5,SLC7A14
CTGGGCACATT	True	DTNA,LAP3
CTGGTGCTGCT	True	CD209,CRHR1,CYSRT1,GLTPD2,KCNQ2,PLA2G10,PPP1R13L,SLC7A14,WNT5A
CTGGTGTACTG	True	GSTM5,KCNQ2,KPNA1,TRIM43
CTTCGGCAGGC	True	KRT5,PPP1R13L
GAAAAGTTTGA	True	MYBPC1,MYOT,ZNF189
GAACAGTTCAA	True	KPNA1,MYOT,WNT5A
GAACCTCCACT	True	ADAMTS3
GAACCTGCACA	True	ADISSP,PGAM2,TRIM22,WNT5A
GAAGCTGGAAG	True	CFAP45,DTNA,HDDC3,KLHL33,RP1,TRIM22,ZC3H7A
GACGCAAGGCA	True	
GAGAAACTCAA	True	CFAP91,GSTM5,NPIPB4,NRIP1
GAGCCTCGCCG	True	
GAGCGGGACAT	True	ABCF2-H2BK1
GAGCTGGAGGA	True	ABCF2-H2BK1,ATP1A2,CBX2,CFAP45,FEM1A,KRT5,PPP1R13L,RP1,STK25,SYNCRIP,TRIM22,TRPM8
GAGCTGGTGAA	True	ADAMTS3,ASS1,ATP1A2,CFAP91,DNAJC22,DPP9,NRARP,PGAM2,PUS3
GAGGAACTAGA	True	CFAP45,FEM1A,SETDB1,ZC3H7A
GAGGAGGAAAC	True	ANKRD33,CFAP91,HDDC3,PGAM2,PUS3,TRPM8,USP36
GAGGCTATGAA	True	PLEKHM3
GAGGTGGAGAA	True	ARMT1,BCL6,CARD16,CBX2,CDCA8,CFAP45,CFAP91,ENPP2,MRPL12,MYBPC1,TRPM8
GCAACCAGACG	True	BLMH,DNAJC22,WNT5A
GCAAGAGCAAC	True	CYP26A1,NRARP
GCAAGGCACAG	True	USP36
GCACATACCAC	True	NSDHL
GCACATTCAAC	True	NSDHL
GCAGCAGGGGG	True	GLTPD2,KLHL33,KRT5,MAPK12,MYBPC1,NRIP1,PPP1R13L,WNT5A
GCAGCGGGGAG	True	ACTR10,BCL6,KLHL33,LAP3,SLC7A14
GCAGGAAGTCC	True	ARL4C,DTNA,KLF4,PLEKHM3,ZNF189,ZNF875
GCAGGATATGC	True	RP1
GCAGGTGTGGT	True	ADAMTS3,TMUB2,WNT5A
GCAGTGCCAGA	True	ATP1A2,KLHL33,NSDHL,SLC25A41
GCATCGCCTAC	True	ATP1A2,CRHR1
GCATCTCAGAG	True	MTMR8,SLC7A14,TMPRSS2
GCCACCGACGG	True	PPP1R13L
GCCCAGCTGGT	True	ARMT1,CD209,CDCA8,TRIM22
GCCCCGACTTC	True	SNX6,UIMC1
GCCCTCAGGGC	True	ANKRD33,DNAJC22,NRIP1,NSDHL
GCCGGCAAGAA	True	ARL4C,DPP9
GCCTATGAAGG	True	CFAP91,KLHL33
GCGCCGCCCTT	True	JUNB
GCGGCTGTGAT	True	NPIPB4,NPIPB5,WNT8A
GCGGGAGAGAA	True	ADAMTS3,CFAP45,HDDC3,LAP3
GCGTGCTGAGC	True	CFAP45
GCTGCAGCAGC	True	BCL6,CD209,CDCA8,FEM1A,GLTPD2,KLF4,KRT5,MRPL12,NPIPB4,NPIPB5,PLEKHM3,SCYGR6,SLC7A14,SSBP4,TMPRSS2,UIMC1,USP36,WNT5A
GCTGGAAAAGT	True	RP1,TRIM22
GCTGTGACAGG	True	CYP27B1,NGDN
GCTGTGCCAGC	True	ATP1A2,COX7B2,GPR15,SCYGR6
GCTTACACACG	True	
GGAACAAGAGC	True	EVI2A
GGAACTGCTAC	True	ADAMTS3
GGACAGTGCGT	True	CYP27B1
GGACGCTCCCA	True	DNAJC22,NSDHL
GGAGAAGGTTG	True	BLMH
GGAGACGTGCT	True	SLC7A3
GGAGCCTAGCC	True	
GGAGGTGACGC	True	ADAMTS3,MYBPC1,ZNF879
GGCACGAGGGG	True	
GGCAGGTATGG	True	TMUB2
GGCCATGGAGG	True	BCAP31,CFAP45,FEM1A,GLTPD2,HMOX1,MRPL12,PGAM2,USP36
GGCCTGCTGGG	True	DNAJC22,GPR15,KPNA1,TMPRSS2
GGCGAAGACAC	True	KLF4,PPP1R13L
GGCTAAGAAGG	True	SETDB1,ZNF879
GGCTCAGCCCA	True	FEM1A,KLHL33,OR13C9
GGGCACAGACC	True	KCNQ2,KLF4,KLHL33,KPNA1,MAPK12,MYADML2,TRPM8
GGGCACTTACC	True	
GGGCCGCACAT	True	NSDHL,SLC7A3
GGGCCGCGGCT	True	JUNB,STK25
GGGGAGCATCC	True	KLHL33,STK25
GGGTGAGAAGC	True	ABCF2-H2BK1,BCL6,DNAJC22,TRIM22,ZNF875
GGGTGCTGGGC	True	CYP26A1,GLTPD2,HS3ST2,KLHL33
GGTGCAGCCAC	True	CYP26A1,GLTPD2,RP1
GGTGCGGCTGT	True	PLBD2,SCYGR6
GGTGGATCCAC	True	NPIPB4,NPIPB5,SYNCRIP
GGTGTAATGCA	True	
GTGAAAGGACA	True	
GTGACAGGCTC	True	SLC7A14
GTGCAGCAGTT	True	CYSRT1,MYBPC1,NSDHL,ZNF562
GTGCCGGCACT	True	TMPRSS2
GTGCTGCGGCC	True	CRHR1,PLEKHM3,PTGES2,SSBP4,WNT5A
GTGTGGCCTTC	True	CRHR1,KRT5,MTMR8,SETDB1
GTGTGTCCTTC	True	CRHR1,KCNQ2,KRT5,OR13C9,SLC7A14
GTTGCCCAGCT	True	CD209,CDCA8,JUNB,KPNA1,TRIM43
GTTTGTGGACG	True	ASS1,DTNA,WNT5A,ZNF875
TACCAATGTAC	True	ARMT1
TCAAGAGGCTT	True	ENPP2,TRIM22,USP36
TCAAGGGCCTG	True	ASS1,SAA1,SLC7A14,STK25
TCCACAGGGCG	True	CFAP45
TCCACTCCTTG	True	ADAMTS3,GPR15
TCCACTGCTGC	True	CYSRT1,DPP9,MYADML2,SEPTIN3,WNT5A
TCCAGGGAACT	True	GPR15
TCCCAGGGCCC	True	CRHR1,CYP27B1,CYSRT1,IL20RA,KLHL33,PRRT1
TCCCCAACCAG	True	ANKRD33,BCL6,BLMH,CRHR1
TCCTTGCTCGT	True	
TCGGCAGGAAG	True	DSC1,OR13C9,RP1,SEPTIN3,USP36
TGAGACAATCT	False	TMPRSS2,ZC3H7A
TGAGAGCCCTT	False	CD209,ENPP2,SLC7A3
TGAGCACGAAC	False	ASS1,SNX6,ZNF875
TGAGCGCCCCT	False	ACTR10,BCL6,KLF4
TGAGCTGAACT	False	ATP1A2,PGAM2
TGAGGAAGAAG	False	CDCA8,CFAP91,KLHL33,KPNA1,MYBPC1,NGDN,PTGES,PUS3,SLC7A3,UIMC1,USP36,ZNF189
TGAGGAGGGCC	True	ATP1A2,BCL6,CFAP45,DSC1,SETDB1
TGAGGAGTGTC	True	BCL6,DSC1
TGAGGGCCCTG	False	ANKRD33,CFAP45,DSC1,HDDC3,PPP1R13L
TGAGGTGGGAG	False	KLHL33,MYBPC1,USP36
TGATAAAAAGT	False	ACTR10,ADAMTS3,ATF6,NRIP1
TGATACTCATG	False	ADAMTS3,ATP1A2,CYP26A1
TGATATTCAGA	False	BLMH,KPNA1,SETDB1
TGATCAGGAGA	False	CFAP45,MYBPC1,PLA2G10,SLC7A3
TGATCCAGAGA	True	DTNA,KRT5,PLEKHM3,USP36
TGATCCCAAGG	False	KLHL33,TRIM22
TGATGAAGAAC	False	ATP1A2,CD209,DSC1,DTNA,MYBPC1,TRPM8,USP36
TGATGAGGATC	False	NGDN,NRIP1,SEPTIN3
TGATGGAAGTG	False	ABCF2-H2BK1,CFAP45,DSC1,MYBPC1
TGCAAAAATTC	False	CD209,CFAP91,CYP26A1,MYBPC1,ZNF562
TGCAACTTCTG	False	ARL4C,BCL6,KPNA1
TGCAAGGGCAG	False	ENPP2,MAPK12
TGCACAACGCC	False	FEM1A,KRT5,NRARP,PPP1R13L
TGCACCCGTGC	True	SSBP4
TGCACTTCAAG	False	ADISSP,ENPP2,EXOC1L,KLHL33
TGCAGATCGCC	False	KRT5,NRARP,PPP1R13L,TRPM8
TGCAGATGTTC	True	KRT5,OR13C9,SETDB1
TGCAGCCCCAA	False	KLF4,LAP3,PLA2G10,PPP1R13L,SETDB1,SLC25A41
TGCAGCTGGAT	False	ADISSP,ATF6,MYOT,TRPM8,WNT8A
TGCAGGCGGGT	False	PRRT1,SLC7A3,USP36
TGCAGTAGATG	False	BCAP31,DSC1,PLEKHM3
TGCAGTTTATA	False	NRIP1,SNX6,ZC3H7A
TGCATCCTGAG	False	CBX2,CFAP45,CYP27B1,KLHL33
TGCATGGGGTC	True	JUNB
TGCATTAAGCA	False	COX7B2,DTNA
TGCCAACAGAA	False	DTNA,MTMR8,MYBPC1,SCYGR6,WNT8A,ZC3H7A
TGCCAGCAGAA	False	ANKRD33,MTMR8,SCYGR6,SETDB1
TGCCAGGCCCT	False	ASS1,KLHL33,PLBD2,RP1
TGCCAGTGGGG	False	BCL6,CDCA8,CYSRT1,LAP3,PLBD2,RP1
TGCCCAGAAGG	False	ASS1,BLMH,HMOX1,KCNQ2,NRIP1,SSBP4,USP36,WNT5A,ZC3H7A
TGCCCAGCTGG	True	ABCF2-H2BK1,ARMT1,CDCA8,DSC1,PLBD2,TRIM43,ZNF875
TGCCCAGTGAC	False	ABCF2-H2BK1,CDCA8,NRIP1,SETDB1,TRPM8
TGCCCCAGAAG	False	BCL6,BLMH,FEM1A,NRIP1
TGCCCGAAAAC	False	DTNA,KCNQ2
TGCCCTCTGCA	False	ATF6,DNAJC22,NSDHL,TRPM8,ZC3H7A
TGCCGACCTGC	False	PLEKHM3,SAA1
TGCCGGGCACC	False	PLEKHM3,PRRT1,USP36
TGCCTGCCGTG	False	KLHL33,SSBP4
TGCCTTCAGCC	False	ADAMTS3,CYP26A1,MYADML2,ZNF879
TGCGAATATTG	False	CDCA8,USP36
TGCGAGGTTTG	False	ABCF2-H2BK1,NRIP1,ZC3H7A
TGCGCCAGAAG	False	BCL6,DPP9,FEM1A,NRIP1,SEPTIN3
TGCGCTGGTCC	False	GLTPD2,MYADML2
TGCGGCAGAGC	False	KLHL33,NSDHL
TGCGGGCAAGG	False	KLHL33,PTGES2,ZNF875
TGCTAAAGAAC	False	ACTR10,MYBPC1,MYOT,PLEKHM3
TGCTACCCGGA	False	ABCF2-H2BK1,SETDB1
TGCTATGAGAA	False	ADAMTS3,DEFB134,DSC1,PLEKHM3
TGCTCAGCAAC	False	ADAMTS3,ANKRD33,MYBPC1,SYNCRIP
TGCTCCAGTGC	False	ATP1A2,CYP27B1,FEM1A,SLC25A41
TGCTCCTGCCC	False	CBX2,CRHR1,CYSRT1,DPP9,PPP1R13L,SLC7A14,SLC7A3,SYNCRIP
TGCTGACATAG	False	NSDHL,ZC3H7A
TGCTGATTCTA	False	PLA2G10,RP1,TMUB2
TGCTGCTCTGC	False	BCAP31,KLHL33,PLEKHM3,PTGES,RP1,SNX6
TGCTGGGATAT	False	ADAMTS3,CFAP45
TGCTGTAGCCT	False	KLHL33,ZNF875
TGCTGTGTTTC	False	CCR2,MYOT,RP1,TRIM43,USP36
TGCTTCAAGGG	False	FEM1A,PLEKHM3,SNX6,TRPM8
TGGAAATGGCT	False	CD209,CFAP91,CYP27B1,PRR15,SETDB1,ZNF562
TGGAACAGCAA	False	CFAP45,GSTM5,SLC7A14,SYNCRIP
TGGAACGGGCC	False	ADAMTS3,CFAP45,FEM1A,HMOX1,SETDB1
TGGAAGAGGCA	False	ANKRD33,CDCA8,HDDC3,HS3ST2,OR13C9,TRIM43,UIMC1
TGGAAGGTTTC	False	ATP1A2,KPNA1,RP1
TGGAAGTCCTT	False	ADAMTS3,ARL4C,DTNA,MTMR8,MYOT,NPIPB4,NPIPB5
TGGACAACCTG	False	ADAMTS3,DTNA,MYBPC1,PLEKHM3,RP1,SLC7A3,TMUB2,TRIM22,TRPM8,WNT5A
TGGACAGGAGT	False	ATP1A2,TRIM43,ZNF879
TGGACCACCTG	False	ANKRD33,DSC1,ENPP2,LAP3,MAPK12,PLEKHM3,SCYGR6,TMUB2
TGGACCAGTTT	False	MTMR8,WNT5A
TGGACCTGCTG	False	ADAMTS3,ARL4C,CRHR1,ENPP2,KCNQ2,KPNA1,MAPK12
TGGACGGCTCA	False	CD209,DSC1,SLC25A41
TGGACTCCTTG	True	CD209,KLHL33,PLBD2
TGGACTCGCTG	True	ARL4C,KCNQ2,PPP1R13L,SAA1,TRPM8
TGGACTTCTGG	False	HMOX1,MAPK12,NRIP1
TGGAGAAGCTG	False	ABCF2-H2BK1,ACTR10,ADAMTS3,ARL4C,ATP1A2,BLMH,CBX2,CFAP45,HDDC3,MAPK12,MYBPC1,PTGES,RP1,SETDB1,TRPM8
TGGAGAAGTAC	True	SEPTIN3,WNT5A,ZNF562,ZNF879
TGGAGAAGTCA	False	BLMH,CCR2,ENPP2,MTMR8,PUS3,TRIM22,ZNF875
TGGAGAGGACC	False	NSDHL,PTGES2,UIMC1,USP36,ZNF879
TGGAGCTACCA	False	BLMH,DTNA,ZC3H7A
TGGAGGACGGC	False	ATP1A2,GPR15,PLBD2,RP1,SNX6,ZC3H7A
TGGAGGCACGC	True	KLHL33
TGGAGGCCTTA	False	CYP26A1,GPR15,USP36
TGGAGGTAGAG	False	BCAP31,PPP1R13L,SYNCRIP,TRPM8
TGGAGTCTTCT	False	NRIP1,TRPM8
TGGAGTTCACC	False	ATP1A2,CFAP45,FEM1A,NSDHL,ZNF562,ZNF879
TGGATAACTTC	False	CDCA8,MAPK12,NRIP1,RP1,SETDB1,TRPM8
TGGATCAGGTG	False	CFAP45,HDDC3,LAP3,USP36
TGGATGACTTC	False	ENPP2,KRT5,MAPK12,NRIP1,TRPM8,WNT8A
TGGATGGCAGC	False	PLEKHM3,SETDB1,STK25,TMPRSS2,WNT5A
TGGATGGTGGA	False	ANKRD33,MTMR8,PLEKHM3,SLC7A14,TRPM8,ZNF879
TGGCAACCCCT	False	BCAP31,CYSRT1,USP36
TGGCACCCTGT	False	MTMR8,PPP1R13L,TMPRSS2
TGGCAGAGAAG	False	ABCF2-H2BK1,ANKRD33,ATP1A2,CARD16,HDDC3,KCNQ2,RP1,UIMC1
TGGCAGGACCT	False	PLA2G10,SLC7A14,WNT5A
TGGCATGAAGG	False	CYP26A1,LAP3
TGGCCAAGGAA	False	CBX2,CFAP45,CYP27B1,DSC1,PUS3,RP1,SLC7A14,TMPRSS2,TRIM22
TGGCCCTGGAG	False	HMOX1,KRT5,MRPL12,SEPTIN3,SSBP4
TGGCCTCTGCT	False	ATF6,DSC1,OR13C9,SETDB1
TGGCGAGCCCT	True	
TGGCGGCAGCG	False	JUNB,KLF4,NPIPB4,NPIPB5,NSDHL,PPP1R13L,PTGES2
TGGCGTTCTTC	False	HMOX1,TRPM8
TGGCTCTGGGA	False	ABCF2-H2BK1,DNAJC22,LAP3,SCYGR6,TRIM43,WNT5A
TGGCTGCCCCT	False	CYP26A1,CYP27B1,GPR15,MYADML2
TGGCTGTCAGC	False	ADAMTS3,JUNB,KLF4,SAA1
TGGGAAAATCT	False	CYP26A1,MYBPC1,RP1,ZC3H7A,ZNF189,ZNF879
TGGGAAAGCCT	False	ACTR10,PLEKHM3,ZNF189,ZNF562,ZNF875,ZNF879
TGGGAACGAGG	True	PLEKHM3,PTGES2,USP36
TGGGAAGGCTT	False	NSDHL,ZNF879
TGGGACCATCC	False	ATP1A2,OR13C9,SETDB1
TGGGAGCCTCC	False	CYP27B1,MYBPC1,STK25,TRIM22
TGGGATACAAG	False	ADAMTS3,SLC25A41,TMPRSS2,ZC3H7A,ZNF562
TGGGCAAGCTC	False	ARL4C,KLF4,MAPK12
TGGGCAGTGTG	False	ATP1A2,PLBD2,PTGES,SETDB1,SLC7A3
TGGGCGCCTCC	True	CYP27B1,MYBPC1
TGGGCTCGGGC	False	JUNB,KLHL33,MAPK12,PLBD2,SSBP4
TGGGGATCTTG	False	DTNA,MTMR8,RP1
TGGGGCCACTT	False	ATP1A2,MYADML2,PLBD2
TGGGGCGGGCC	False	SETDB1,SLC7A14
TGGGGGACACA	False	HDDC3,MTMR8
TGGGGGGCCAC	False	PPP1R13L,PRRT1,PTGES2,TMPRSS2
TGGGGGTTCTC	False	FEM1A,ZNF879
TGGGTGACTAT	False	CYP27B1,KRT5
TGGGTGTTCAT	False	CRHR1,SLC7A14
TGGTCAAGCTG	True	ADAMTS3,HDDC3,PLBD2,RP1,TRPM8
TGGTCAGGATT	True	ADAMTS3
TGGTCATAGGG	False	MYBPC1,SLC7A14
TGGTCCCAGTG	False	ADAMTS3,IL20RA,RP1,STK25
TGGTCGTCCTC	False	CCR2,PTGES
TGGTCTACTTG	True	KCNQ2
TGGTGAAACAC	False	EXOC1L,ZNF189
TGGTGAAGAGA	False	ACTR10,ADAMTS3,ENPP2,MYBPC1
TGGTGCCCGTC	False	ADISSP,TMUB2
TGGTGCTTTAT	False	GLTPD2,RP1,SLC7A14
TGGTGGCCATC	False	GLTPD2,MAPK12,MYADML2,PTGES,STK25
TGGTGTACTGG	True	GSTM5,KCNQ2,KPNA1,TRIM43
TGGTGTGGAGT	False	ADAMTS3,KCNQ2
TGGTTGGAAGA	False	ABCF2-H2BK1,KLHL33,MTMR8
TGGTTTTGCTG	False	ACTR10,ATF6,BLMH,SETDB1,SLC7A3
TGTAACTGCAC	False	NGDN,WNT8A
TGTACACCTTC	False	CCR2,MYADML2
TGTACTAAGGA	False	ATF6,ENPP2,KLHL33
TGTAGCCAGTT	False	BCL6,NRIP1
TGTCAGCAGGC	False	ASS1,BCL6,PLEKHM3,SAA1,TMUB2
TGTCATCCCTC	False	ENPP2,HS3ST2
TGTCCACACAA	False	CCR2,IL20RA,SNX6
TGTCCATTGAG	True	ASS1,RP1
TGTCCCAGGAA	False	CCR2,MRPL12,RP1,TRIM22,ZNF189
TGTCCTACAAT	False	ATF6,IL20RA
TGTCCTTGACA	False	ABCF2-H2BK1,GSTM5,PLEKHM3,TMUB2
TGTCTCCTCCA	False	KCNQ2,KRT5,NPIPB4,NPIPB5,USP36
TGTCTGCCCAA	False	ANKRD33,TMPRSS2
TGTGACGCTTG	False	ACTR10,TRPM8,ZNF189
TGTGATCTCCT	False	CCR2,CYSRT1,ENPP2,KPNA1,MTMR8,SLC7A3
TGTGCAAGGAT	False	ADISSP,ZNF875
TGTGCATCTTG	False	MTMR8,MYBPC1,NGDN,RP1,ZNF562
TGTGCGAGGAA	False	ADAMTS3,MYBPC1,SNX6,ZNF875
TGTGCTGATCC	False	ASDURF,BCL6,CFAP45,SLC7A14,SLC7A3,SYNCRIP
TGTGGAAGAAT	False	ADAMTS3,PLBD2
TGTGGAGCTGG	True	ADAMTS3,ASS1,CYP26A1,KRT5,LAP3,MYADML2,MYBPC1,MYOT,TRIM43,TRPM8
TGTGGCAGAGA	False	ABCF2-H2BK1,ARL4C,ATF6,ATP1A2,CYP26A1,DNAJC22,KLHL33,RP1
TGTGGCTGAAG	False	ASS1,BCL6,PPP1R13L,TRIM43,ZNF875
TGTGGGCCTGG	False	ADAMTS3,ANKRD33,HMOX1,ZNF875
TGTGTACAGCA	False	ADAMTS3,PTGES2,SETDB1
TGTGTCGGCAA	False	CYP26A1,LAP3
TGTGTCTGTGA	False	ABCF2-H2BK1,CRHR1,EXOC1L,MRPL12,SLC7A14,WNT8A
TGTGTGGAGGT	False	CCR2,DTNA,LAP3,TRPM8
TGTGTTGGCTG	False	KLHL33,SCYGR6,SLC7A3
TGTTCTTTTCA	False	ACTR10,ADAMTS3,BCL6,RP1,ZC3H7A
TGTTGCCAGGA	False	ACTR10,ENPP2,GPR15,MYOT,SCYGR6
TGTTGGCAGAG	False	CFAP91,COX7B2,DTNA,ZNF875
TGTTGTGGACA	False	BCL6,BLMH,MTMR8,RP1
TTAAAAAGCAA	False	BCAP31,UIMC1,USP36
TTAAGAAGAAT	False	ASDURF,ATF6,CFAP91,LAP3,RP1
TTAATGGAACA	False	ARMT1,MTMR8,RP1
TTACAAGATAT	False	ACTR10,ZC3H7A
TTACAGCCACT	False	COX7B2,ENPP2,USP36
TTACCAAGAGC	False	DNAJC22,DTNA,KLF4
TTACCTTATGG	False	NGDN,PLEKHM3,SLC7A3,TRPM8
TTAGCTGGAAA	False	LAP3,NRIP1,ZNF875
TTATAATCAGA	False	ACTR10,DEFB134
TTATATTATTC	False	RP1,SNX6
TTATGAATGTG	False	MYOT,ZNF189,ZNF562,ZNF879
TTATGCTGACT	False	PPP1R13L,RP1,SETDB1
TTATTCACAGG	False	CCR2,SYNCRIP,TRPM8
TTCAAAGAAGG	False	ASS1,SETDB1
TTCAATCTCTT	False	TRIM43
TTCACAGAGAG	False	ACTR10,SYNCRIP
TTCACCCCAGA	False	HDDC3,ZNF562,ZNF875
TTCACTCCTCT	False	FEM1A,MYOT,OR13C9
TTCAGAAGCCA	False	CCR2,KLHL33,UIMC1
TTCAGAATGGG	False	ZNF562
TTCAGCACCGC	False	KRT5,ZNF879
TTCAGCAGGGT	False	ABCF2-H2BK1,KRT5,ZNF562
TTCAGCTTCAT	False	ADAMTS3,CYP26A1,DNAJC22,DSC1,MTMR8,TMUB2
TTCAGGATGCT	True	ATF6,KPNA1
TTCAGGTGATG	False	ADAMTS3,SETDB1
TTCAGTGGGAG	False	ABCF2-H2BK1,ADAMTS3,DSC1,ZNF189
TTCAGTTCTGG	False	ACTR10,MTMR8
TTCATCAACAT	False	ACTR10,ASS1,USP36
TTCATCCGAGA	False	USP36
TTCATGATAAA	False	BLMH,COX7B2,ZC3H7A
TTCATTGAAAA	False	MYBPC1
TTCCAAGACAC	False	MYBPC1,RP1,TRIM22
TTCCAGAAGGA	False	CBX2,CD209,CFAP45,MTMR8,PLEKHM3,SEPTIN3,TRIM43,TRPM8
TTCCAGGCTCT	False	PLBD2,USP36
TTCCATGCCCA	False	ADAMTS3,BCAP31,DTNA,KLF4,NRIP1
TTCCCAGAAGA	False	BCL6,DSC1,HMOX1,PLEKHM3
TTCCCCCTGGG	False	ADAMTS3,KLF4
TTCCCTGGATA	False	NRIP1,TMUB2
TTCCGGAAGGA	False	KCNQ2,SEPTIN3,TRIM43,TRPM8
TTCCTATGTCA	False	PLA2G10,SETDB1,SLC7A3
TTCCTCTCAGA	False	DSC1,OR13C9,SNX6
TTCCTGCTTAG	False	BCAP31,KLHL33
TTCCTGTCTCG	False	CBX2,NSDHL,SNX6
TTCCTTTCCTC	False	KLHL33,ZC3H7A
TTCGAGAGGAT	False	CFAP45
TTCGCCAAGCG	False	MAPK12
TTCGCTTCGTG	False	MYADML2
TTCGGCTTCGA	False	SLC7A3
TTCGTCCCCTA	False	ANKRD33,NRIP1,SETDB1
TTCGTTGGGAC	False	
TTCTAAATTGT	False	ACTR10,DNAJC22
TTCTCACAGTC	True	
TTCTCCAGAAG	False	CYP26A1,DSC1,FEM1A,HS3ST2,TRIM43,UIMC1,ZC3H7A
TTCTCGAGAAC	False	ASS1,NRIP1
TTCTCGGATGC	False	
TTCTCGGGGTG	False	
TTCTGATTATG	False	CCR2,CFAP91
TTCTGCTCCTT	False	ATP1A2,DPP9,SAA1,SLC7A14
TTCTGGCTCCC	False	ANKRD33,BCL6,SLC25A41
TTCTGTAAGCA	True	DSC1,SETDB1,TRIM22,TRPM8
TTCTGTCAACT	False	ADAMTS3,ATP1A2,EVI2A
TTCTTAATATG	False	EXOC1L,ZC3H7A
TTCTTACAGAG	False	ADAMTS3,KPNA1,TRIM22
TTCTTCCTGTT	False	CBX2,TRPM8
TTCTTGGCCGC	False	DNAJC22,PPP1R13L
TTCTTGTTAAA	False	
TTCTTTGTGGT	False	BCAP31,TMUB2,WNT5A
TTGAAAGGTGG	False	
TTGAAAGTGGT	False	ENPP2,LAP3,TRIM43
TTGAAGAAATC	False	ATP1A2,GPR15,ZNF189,ZNF875
TTGAATACCAG	False	ADAMTS3
TTGACACAACC	False	CFAP91,SETDB1
TTGACACAGCG	False	
TTGACCGTCCA	False	MYBPC1
TTGAGAACTCT	False	DSC1
TTGAGGGTTTG	False	GSTM5,RP1,TMUB2
TTGATAGATCC	False	
TTGATCATAGA	False	ENPP2,MYBPC1
TTGATGATTGG	False	
TTGATGCTGAC	False	DNAJC22,ENPP2,MYBPC1
TTGCAAAGAGG	False	ADAMTS3,MAPK12,NSDHL,RP1,ZC3H7A
TTGCAATTAGC	False	
TTGCAATTTGA	False	
TTGCAGGGACC	False	PRRT1,RP1,USP36
TTGCCAAAACC	False	
TTGCCAAGAAT	False	BLMH,EVI2A,MYOT,SYNCRIP,TRPM8,UIMC1
TTGCCTATGAT	False	GSTM5,KLHL33,MYBPC1,SETDB1
TTGCGAGAGGT	False	
TTGCGGCCCGG	False	ATP1A2,FEM1A
TTGCGGTGCGT	False	
TTGCTAGCGCG	False	
TTGCTCAGAGC	False	CYP27B1,USP36
TTGCTGCATGG	False	COX7B2,TRIM43,TRPM8
TTGCTGTGCTT	False	ATF6,EVI2A,EXOC1L,KPNA1,TRIM43,ZNF562
TTGCTTAAACA	False	NRIP1,STK25
TTGCTTAACCA	False	NRIP1,NSDHL
TTGGAAAATAA	False	EVI2A,KPNA1,LAP3,MYBPC1,SNX6,ZC3H7A
TTGGAACCGGG	False	
TTGGAAGTGAG	False	NGDN,ZC3H7A
TTGGAATTCTG	False	ATF6,TRIM43
TTGGACGAGGT	False	
TTGGAGAAGAA	False	CFAP91,DSC1,ENPP2,EVI2A,EXOC1L,MAPK12,MYBPC1,SETDB1,SLC7A3,SSBP4,UIMC1,USP36,ZC3H7A,ZNF562,ZNF879
TTGGAGGAACA	False	BCAP31,GSTM5
TTGGAGTACGG	False	
TTGGATGTAAC	False	MYBPC1
TTGGCAACCAG	False	DNAJC22,PLBD2,STK25,USP36
TTGGCAAGAAC	False	PUS3,SYNCRIP
TTGGCATATCC	False	MYBPC1
TTGGCCAGAAG	False	ASS1,COX7B2,NRIP1,UIMC1,ZNF875
TTGGCCCAATC	False	
TTGGCGCTGTG	False	ENPP2,SSBP4
TTGGCGTCAAC	False	USP36
TTGGCTCCGGC	False	PPP1R13L
TTGGGACGGAA	False	
TTGGGCCAGGG	False	NRIP1,SETDB1,ZNF875
TTGGGCCATAC	False	ABCF2-H2BK1
TTGGGGACGAG	False	PPP1R13L,ZNF875
TTGGGGGGCAA	False	ENPP2
TTGGGGTCGGG	False	CFAP91,KCNQ2,SLC7A3
TTGGTACACCT	False	
TTGGTCAAATC	False	RP1
TTGGTCATAGG	False	MYBPC1
TTGGTCTTTAA	False	ADAMTS3
TTGGTGTCATT	False	DSC1,SLC7A14,TMUB2
TTGTAACAGCA	False	ENPP2
TTGTAATGATG	False	ADAMTS3
TTGTAGTCTGG	False	TRPM8
TTGTCAAAGAA	False	ABCF2-H2BK1,CFAP91,DSC1,RP1
TTGTCCCCGCA	False	NRIP1
TTGTCGGTGAG	False	RP1
TTGTCTTTGGA	False	PLEKHM3
TTGTGAATGTG	True	ATF6,ZNF189,ZNF562,ZNF879
TTGTGCAGAAG	False	CARD16,DPP9,DTNA,UIMC1
TTGTGGAAGAA	False	ADAMTS3,FEM1A,NRIP1,UIMC1,ZNF189
TTGTGGATTTC	False	GSTM5,KPNA1,MYBPC1,PPP1R13L,ZNF562
TTGTGTACAAA	False	SYNCRIP
TTGTGTCAGAG	False	ATF6,ENPP2,KLHL33
TTGTTCAGTAT	False	ACTR10
TTTAATATTGG	False	ACTR10,ARMT1
TTTACATATCC	False	ACTR10,NRIP1
TTTACTAAATG	False	CCR2
TTTAGCACTTA	False	MYOT
TTTATAATCAC	False	RP1,ZNF562,ZNF879
TTTATGCCACG	False	HMOX1,PLEKHM3,SLC7A14
TTTATTGCTTC	False	ATF6
TTTCACAAAAT	False	BLMH,MYOT
