oligo	WNT4	off_target
AACCGGCGCTGGAAC	True	
AAGGTGGTGACGAAA	True	
AAGTGCGGCTGTGAC	True	
ACCAGAGAGGCTATG	True	ACE
ACTGGTGCCACGCAT	True	
AGAAACTCAAGGGCC	True	
AGACGTGCGAGAAAC	True	
AGCCACGCCGCGTGC	True	
AGCCTAGCCCCGACT	True	
AGCTGGCTGAACGCT	True	
AGGACCCTACCAAAC	True	
AGGGGCCGAACATGC	True	
CAACGCCATCGACGG	True	
CACAAGGCAAGAGGA	True	
CAGGGCACTGGTGAC	True	
CAGTGACGCGGGCGT	True	
CATTGAGGAGTGCCA	True	RASAL3
CCAAGGCCATCTACG	True	
CCGCGGTGCCCAGCT	True	
CGGCAGGTGTGGCCT	True	
CGGGAGGCGGCCTTC	True	GPRC5B
CGTGCCGCCCTTCCG	True	
CGTGCTGGCGAGCCG	True	
CTGGTGCTGCTTCGT	True	WNT5A
GAACCTCCACAACAA	True	WNT5A
GAACTCTTCTCCAAC	False	
GAATGTGGAAAGGCC	False	ZNF189,ZNF215,ZNF483,ZNF573,ZNF665,ZNF829,ZNF850
GACAACATCGCCTAC	True	
GACAGGACTGTGCAT	True	
GACATGCGAAGCGGC	True	
GAGGAGCAGCGGCTA	False	PPP2R5B
GAGTCGGCACTGGTT	False	
GATCAAGAGGCTGAG	False	
GATCCAGAGGCTGAG	False	
GATGGCACATTTGAC	False	
GCAAGAGGAACAAGA	True	RBMS1
GCAGCGCAAGAAGGT	False	CYP26A1,LMOD1,MZT2A
GCCACGCAACGCACA	True	
GCCGGTGGAATGCAA	True	
GCGAGAAACTCAAGG	True	
GCGCAGGTGGAGCGG	True	CBY3
GCGTGCTGGGCACGA	True	
GCTGAACGCTGCAGT	True	
GCTGCAGGTGCAGGG	False	
GCTGTACCGGGGCAT	False	CYP26A1
GGAAGAAGAGGAAGA	False	CCER1,CLIP3,CXorf51B,DAXX,DDX27,GNL1,HMGB3,MAP4K4,NEMF,NEUROD4,PLPPR3,PNMA8A,PPP1R15A,STRA8,TERF2IP,TRIM52,ZBTB47,ZEB2,ZNF445,ZNF665
GGAAGATCTGGAGGC	False	MYBPH
GGAGAGAAGCCCTAC	False	GLIS2,KLF2,ZBTB47,ZNF100,ZNF205,ZNF490,ZNF665,ZNF8,ZNF875,ZNF93,ZSCAN16
GGAGCCACGCCGCGT	True	
GGAGGCCAAATCAAC	False	
GGAGGCGGCCTTCGT	True	
GGCAATGGGATCATT	False	USP36
GGCCATCGACGGCGG	True	
GGGCAGCTGAAGCTT	False	
GGGCCCTCGTCCAGC	True	
GGGGAGAAACCTTAT	False	GRM3,ZNF189,ZNF224,ZNF347,ZNF490,ZNF665,ZNF829,ZNF850,ZNF875,ZNF93
GGGGAGGAAGCCAAG	False	
GGGTGGAATGCAAGT	True	
GGTGGAGCGGGCTGA	True	TAP1
GGTGTCAGGCTCCTG	True	
GTACTTGGAGCCTAG	True	
GTCAGCCCACAGGGC	True	
GTGCGGGAGAGAAGC	True	
TAAGGAATGTAGGAA	False	ZNF155,ZNF215,ZNF224,ZNF490,ZNF562,ZNF573,ZNF823,ZNF850
TCACTGCCCTTCCAC	False	
TCCACAACAATGAGG	True	FBXW11
TCCACTGGTCAGGAT	True	
TCCCTTTCCACCCTC	False	
TCCGCTTCTCCGATG	False	
TGAACTGACCAGGCA	False	
TGAATGTGGGAAGAC	False	ZNF189,ZNF418,ZNF562,ZNF573,ZNF829
TGCAAGTGCCACGGG	True	WNT5A
TGCATGGGCTCAGCC	True	
TGCGGCTGTGACAGG	True	
TGCGGGAGAGAACCA	True	
TGCTGCTCCAGCTGC	False	SCYL1,SMIM5
TGCTTCGTCAAGTGC	True	WNT5A
TGGACACATCCTGGC	False	DNTTIP1
TGGTGCTGCTGCCCC	False	LGR6,ZBTB47
TGTGAAGAATGTGGA	False	ZNF100,ZNF155,ZNF189,ZNF224,ZNF417,ZNF418,ZNF562,ZNF573,ZNF829,ZNF850,ZNF93
TGTGATGAATGTGGG	False	ROPN1B,ZFY,ZNF100,ZNF189,ZNF224,ZNF418,ZNF483,ZNF562,ZNF639,ZNF665,ZNF829,ZSCAN16
TGTGCTGTGGCCGCC	True	C19orf85
TGTGGCCTTCGCACA	True	
TTCATGCTGCTCCTG	False	SCYL1
TTCTGTGAGAAGGAC	True	RARS1
TTTCTACTGACTCGT	False	
TTTCTCGGCGAAAAT	False	
TTTCTGGGCTCTTTT	False	
TTTCTGGTGTAATGC	False	
TTTCTTATGACGGGA	False	
TTTCTTGTATGAATG	False	
TTTCTTTCTCATAGA	False	
TTTGAAAGTGGAAGT	False	
TTTGAATCATATCCT	False	
TTTGACAACAACACC	False	
TTTGACAACCTGGTT	False	RAB2A
TTTGAGCCCAAGAAG	False	MYBPC1
TTTGAGGAATGTAGT	False	NRIP1
TTTGATCCGGAAGGC	False	
TTTGATGATGTCCAG	False	
