oligo	WNT4	off_target
AAAACACGGAAGGTA	False	
AACCGGCGCTGGAAC	True	
AACTCTGCCAAGGCC	False	
AAGGAACCCATGAAT	False	ZNF189
AAGGAGCTGCAGCAG	False	ACSM2A,CCDC57,GATAD2A,GOLGA8G,LMNA,MYO1A,SRPRB
AAGGTGGTGACGAAA	True	
AAGTGCGGCTGTGAC	True	
AATTCACACTGGTGA	False	ZEB2,ZNF189,ZNF347,ZNF417,ZNF445,ZNF483,ZNF490,ZNF573,ZNF665,ZNF823,ZNF829,ZNF850
ACATCGTGGAGAACC	False	
ACCAGAGAGGCTATG	True	ACE
ACTGGTGCCACGCAT	True	
AGAAACTCAAGGGCC	True	
AGAAGTAGAAGAAAA	False	PARD3B,PHF20L1,SRRM2,TERF2IP
AGACGTGCGAGAAAC	True	
AGAGAATTCATACTG	False	ZNF100,ZNF155,ZNF189,ZNF347,ZNF445,ZNF483,ZNF490,ZNF573,ZNF665,ZNF829,ZNF850,ZNF93
AGAGCCTCAAGGACA	False	PSAPL1,SPAG5
AGCAGCTCAGGAGGC	False	CHIA,SYNCRIP
AGCCACGCCGCGTGC	True	
AGCCTAGCCCCGACT	True	
AGCTGGCTGAACGCT	True	
AGCTGGTGCCTGAGC	False	
AGGACCCTACCAAAC	True	
AGGGGCCGAACATGC	True	
AGTGGAAGAGGAAGA	False	HMGB3,PPP1R15A,TCAF2,USP36,ZEB2
ATAAATGTAGTGACT	False	ZNF189,ZNF639
ATATATGAAGTGAAT	False	
ATATGCACTGCAGTG	False	
ATCCACACTGGTGAA	False	ZNF189,ZNF347,ZNF665,ZNF850,ZSCAN16
ATGCCACCCTCCAGT	False	USP36
ATTCACACTGGTGAG	False	ZNF189,ZNF347,ZNF445,ZNF490,ZNF573,ZNF665,ZNF8,ZNF823,ZNF829,ZNF850
ATTGTCCAGGCCTTC	False	USP36
CAACGCCATCGACGG	True	
CACAAGGCAAGAGGA	True	
CACCTCCCTGTCAGC	False	
CAGCCCCCAGCCCCG	False	BRSK1,CCDC57,EXTL1,MEOX1,NHSL3
CAGGAACAGAGAATG	False	ZNF189
CAGGAGGGACCCCGG	False	
CAGGGAAGGATGCCT	False	
CAGGGCACTGGTGAC	True	
CAGTGACGCGGGCGT	True	
CATGAAAAAACTCAT	False	SLC39A8,ZNF490,ZNF562,ZNF670,ZNF823
CATTCAACATCAAAG	False	ZNF189,ZNF418,ZNF789
CATTGAGGAGTGCCA	True	RASAL3
CCAAAAGGAATGTCA	False	NRIP1
CCAACCACACCATCA	False	
CCAACCTGAAAACCC	False	
CCAAGGCCATCTACG	True	
CCACGCAGGTGACAG	False	
CCAGTGTCTCTCCTA	False	
CCCTACAAATGTAAG	False	ZNF100,ZNF483,ZNF490,ZNF562,ZNF573,ZNF665
CCCTGGGCTCGGGCG	False	
CCGAGGAGCTGGCTA	False	
CCGCGGTGCCCAGCT	True	
CCTGAAGATCCTGCA	False	NLRP4
CCTGATGGTGCTAAC	False	
CCTTTGCCATGCTGG	False	
CGCTTCCACCCTGAG	False	PGA4,TUBA1C
CGGCAGGTGTGGCCT	True	
CGGGAGGCGGCCTTC	True	GPRC5B
CGTGCCGCCCTTCCG	True	
CGTGCTGGCGAGCCG	True	
CTCCGCTTCTCCGAT	False	
CTCTACGAGCGCCTG	False	
CTGCTGTGGACTGCA	False	
CTGGAGAAAAACCCT	False	SORBS1,ZNF100,ZNF189,ZNF347,ZNF418,ZNF483,ZNF490,ZNF562,ZNF664,ZNF665,ZNF670,ZNF823,ZNF93
CTGGTGCTGCTTCGT	True	WNT5A
CTTCCACACTCAGCT	False	
CTTCTGCTCCTTCAT	False	DDR2
GAACCTCCACAACAA	True	WNT5A
GAACTCTTCTCCAAC	False	
GAATGTGGAAAGGCC	False	ZNF189,ZNF215,ZNF483,ZNF573,ZNF665,ZNF829,ZNF850
GACAACATCGCCTAC	True	
GACAGGACTGTGCAT	True	
GACATGCGAAGCGGC	True	
GAGGAGCAGCGGCTA	False	PPP2R5B
GAGTCGGCACTGGTT	False	
GATCAAGAGGCTGAG	False	
GATCCAGAGGCTGAG	False	
GATGGCACATTTGAC	False	
GCAAGAGGAACAAGA	True	RBMS1
GCAGCGCAAGAAGGT	False	CYP26A1,LMOD1,MZT2A
GCCACGCAACGCACA	True	
GCCGGTGGAATGCAA	True	
GCGAGAAACTCAAGG	True	
GCGCAGGTGGAGCGG	True	CBY3
GCGTGCTGGGCACGA	True	
GCTGAACGCTGCAGT	True	
GCTGCAGGTGCAGGG	False	
GCTGTACCGGGGCAT	False	CYP26A1
GGAAGAAGAGGAAGA	False	CCER1,CLIP3,CXorf51B,DAXX,DDX27,GNL1,HMGB3,MAP4K4,NEMF,NEUROD4,PLPPR3,PNMA8A,PPP1R15A,STRA8,TERF2IP,TRIM52,ZBTB47,ZEB2,ZNF445,ZNF665
GGAAGATCTGGAGGC	False	MYBPH
GGAGAGAAGCCCTAC	False	GLIS2,KLF2,ZBTB47,ZNF100,ZNF205,ZNF490,ZNF665,ZNF8,ZNF875,ZNF93,ZSCAN16
GGAGCCACGCCGCGT	True	
GGAGGCCAAATCAAC	False	
GGAGGCGGCCTTCGT	True	
GGCAATGGGATCATT	False	USP36
GGCCATCGACGGCGG	True	
GGGCAGCTGAAGCTT	False	
GGGCCCTCGTCCAGC	True	
GGGGAGAAACCTTAT	False	GRM3,ZNF189,ZNF224,ZNF347,ZNF490,ZNF665,ZNF829,ZNF850,ZNF875,ZNF93
GGGGAGGAAGCCAAG	False	
GGGTGGAATGCAAGT	True	
GGTGGAGCGGGCTGA	True	TAP1
GGTGTCAGGCTCCTG	True	
GTACTTGGAGCCTAG	True	
GTCAGCCCACAGGGC	True	
GTGCGGGAGAGAAGC	True	
TAAGGAATGTAGGAA	False	ZNF155,ZNF215,ZNF224,ZNF490,ZNF562,ZNF573,ZNF823,ZNF850
TCACTGCCCTTCCAC	False	
TCCACAACAATGAGG	True	FBXW11
TCCACTGGTCAGGAT	True	
TCCCTTTCCACCCTC	False	
TCCGCTTCTCCGATG	False	
TCTTCATCATCCTCC	False	LOC124900569,LOC124900630,SEC14L1,TSPAN1
TCTTCCTATGGGAAA	False	ZNF189
TCTTCGGGGAAATAT	False	
TCTTCTGAGGACTGG	False	NRIP1
TCTTGACCCTGGCTA	False	
TCTTGCTTGCTCCAA	False	
TCTTGTCACATTGCC	False	
TCTTTCACACGTCGT	False	
TCTTTGCCACATCTG	False	
TCTTTTCATGGTCAG	False	
TGAAAAATATGAAGT	False	AP1AR
TGAAAATAAAATCTG	False	NRIP1
TGAAACCTATCTCAT	False	
TGAAAGGAAAAGTTT	False	
TGAACAGGAGCTTTA	False	
TGAACCTTTGCACCC	False	
TGAACTGACCAGGCA	False	
TGAAGAACCCAAAGG	False	
TGAAGACGCTCAAGG	False	
TGAAGATAGCTGCCA	False	PLEKHM3
TGAAGCCACCACTGA	False	
TGAAGCTTGGGGCCA	False	
TGAAGTAGATTATAA	False	CFHR5
TGAATACCCTGATGG	False	
TGAATGATATTCTGA	False	CD58
TGAATGTGGGAAGAC	False	ZNF189,ZNF418,ZNF562,ZNF573,ZNF829
TGACAAAAGATTCTT	False	
TGACAGGGGGAACTG	False	
TGACATGGGAGGAGC	False	SCYL1
TGACCAGCTCAAGAA	False	
TGACCCAGGAACAGA	False	EIF3B,ZNF189
TGACCGCACACTGGA	False	
TGACCTGCTACTGTT	False	
TGACTATCCATTAGA	False	
TGACTGCGCCGAGTC	False	
TGACTTCCTGTCCAA	False	FTSJ3
TGAGAAATGGAACTA	False	
TGAGAATCCGGCTGG	False	
TGAGAGAGTCAAAGA	False	
TGAGATCTCTGAGAT	False	
TGAGCCAACTGATGC	False	
TGAGCGCACTATTCA	False	
TGAGCTCTTGACCCT	False	
TGAGGAACTGGGTAT	False	
TGAGGAGGAATGTAG	False	
TGAGGCCACTGGCAT	False	
TGAGGGATTCTGCAT	False	
TGAGGTGGAGCTACA	False	CCT8L2,GOLGA8G,GOLGA8H,GOLGA8T
TGAGTCATCTCTCTC	False	ZNF875
TGAGTGTAACAAACG	False	
TGATAAAAAATCGAG	False	
TGATACTACTATACA	False	
TGATATTCTGAATCA	False	
TGATCCCAAGGTTTT	False	
TGATCTATGTGGAGG	False	
TGATGAGGGCCCTGA	False	OR2L2
TGATGCCTACAATGT	False	MYBPC1
TGATGGACTTGGCCC	False	
TGATGGGGCTCACAA	False	
TGATGTGATCGCTAG	False	
TGATTCAATAGGTGC	False	
TGATTGGGAACCACA	False	SAMSN1,ZEB2
TGCAAAAGCAAGGCA	False	
TGCAAATGATGGTGG	False	
TGCAAGAAGAAGGTT	False	USP36
TGCAAGTGCCACGGG	True	WNT5A
TGCACAAGGAAGCCT	False	FCAR,ZNF562
TGCACCCCAGAGGGA	False	
TGCACGTGCCCCATG	False	
TGCAGAAAGCCTGCC	False	USP36
TGCAGAGAAAAAGGC	False	TRMT9B,TSTD2
TGCAGCACCTACCCT	False	SMAD1
TGCAGCCGCAAGTCC	False	
TGCAGGGAATGTGGG	False	ZNF215,ZNF417,ZNF418,ZNF445,ZNF490,ZNF850,ZNF875
TGCAGTCATCCATGT	False	NRIP1
TGCATACATATGAGA	False	
TGCATCTCAGTTGCC	False	SYNCRIP
TGCATGGGCTCAGCC	True	
TGCATTGGGTGGGAG	False	
TGCCAACCGCAGCCG	False	
TGCCACCAAGGTTTA	False	
TGCCACTTCTGGGAC	False	
TGCCAGCTCCTGATG	False	MYOT
TGCCATCCGGAAGAG	False	ELL,IKBKG
TGCCCAAGGAGGTGG	False	SLC7A4,TAP1
TGCCCATCCCTGAGC	False	
TGCCCCCGTTCCAGT	False	
TGCCCGGTTACATGG	False	PLEKHM3
TGCCCTGCTTCGAGA	False	MTTP
TGCCGCGGCTGCTGT	False	CTSO,FAM246B
TGCCTCATAGATACC	False	
TGCCTGAGAAATACT	False	
TGCCTGGTGAAGAAC	False	MAP4K4
TGCCTTTCTGCAGGA	False	
TGCGAGAGCCTCAAG	False	
TGCGCACTTGGCGCC	False	
TGCGCTACACGCAGA	False	
TGCGGATCTGGGCCG	False	
TGCGGCTGTGACAGG	True	
TGCGGGAGAGAACCA	True	
TGCGGTTCCTGGAGC	False	
TGCGTTCTCTGAACA	False	
TGCTACATCATTGAT	False	
TGCTCAGAGCTGACT	False	USP36
TGCTCCAGAGGAAAT	False	
TGCTCTGCAGCACGC	False	LOC124900576
TGCTGACAAGCTGTA	False	
TGCTGATCGATGTGT	False	
TGCTGCCACTGCCCC	False	MS4A18,NPAP1
TGCTGCTCCAGCTGC	False	SCYL1,SMIM5
TGCTGGACATCTGTC	False	
TGCTGGCCAGGGGTA	False	
TGCTGGTCATGGCTC	False	NRIP1
TGCTGTGCCCGGTTA	False	PLEKHM3
TGCTTACCATCCTGG	False	
TGCTTCGTCAAGTGC	True	WNT5A
TGCTTGTCCCTATGT	False	
TGCTTTGTGGGGCTC	False	
TGGAAAAGAACCAGG	False	TEKTL1
TGGAAAGAGGAAGAC	False	
TGGAAATTCTCGTGT	False	
TGGAACCATCATTAC	False	
TGGAAGCTGAATATT	False	
TGGAAGTTCGCGCCT	False	
TGGAATTAATTCTGC	False	
TGGACACATCCTGGC	False	DNTTIP1
TGGACCGGCGGGGAG	False	TSSK6
TGGACGCGGAGCAGC	False	DNTTIP1
TGGACTCTGCCTCAT	False	
TGGAGAAAGTGGAGT	False	
TGGAGACAGATGTGC	False	
TGGAGAGGGCCATCA	False	
TGGAGCAGCTTAGCC	False	
TGGAGCTCTACGAGC	False	MZT2A
TGGAGGACTGCAATA	False	
TGGAGGCCAGGATGG	False	PLEKHM3
TGGAGTATCATAACC	False	
TGGAGTTTACCAAGA	False	
TGGATGAACTGAAAA	False	
TGGATGCTGACCCTG	False	
TGGATGTTTTGAACA	False	ZNF189
TGGCAAAGAGCACGT	False	
TGGCACACAGCCACA	False	USP36
TGGCAGAAACCTTTG	False	CDC16,FASTKD3
TGGCAGTGGCTATGG	False	KRTAP19-3
TGGCCAAAGGATCTG	False	
TGGCCCGGCTGCTGC	False	CD55,TMEM64,TYK2
TGGCCGCCCCATAGC	False	
TGGCCTCATCACTGT	False	
TGGCCTTAATTTTCA	False	
TGGCGCCGGGCGGCA	False	
TGGCGGTGGCCTCGG	False	PTCH2
TGGCTATGCAACAAC	False	NLRP9
TGGCTCGAGAAGCAG	False	CTCF
TGGCTGCAATCCACC	False	
TGGCTGGGAGTGTAC	False	
TGGCTGTTGGCTCCC	False	
TGGCTTTGGCCATAT	False	WNT5A
TGGGAAATGTGACAG	False	CDC16
TGGGAATGCCATATG	False	ZSCAN16
TGGGAGACAATGAGA	False	
TGGGAGGGGCTATTT	False	
TGGGATTATAACATT	False	
TGGGCCATCACAAAT	False	
TGGGCCTGTGTCCAC	False	
TGGGCTCACTCTGCT	False	
TGGGCTGGGCTGGCT	False	SLC5A1
TGGGGACATGGGCAT	False	
TGGGGCTCGGGGCGG	False	
TGGGGGGCTACGTAG	False	
TGGGGTTCAGAAACT	False	
TGGGTGGTATACTGT	False	MYOT
TGGTAAAGGAGGACT	False	
TGGTAGGACTTGCAC	False	
TGGTCAGACTCTCCC	False	
TGGTCGCTAGGTATG	False	WNT5A
TGGTCTTGATGCTGA	False	MYBPC1
TGGTGCAGTGGGCTG	False	
TGGTGCTGCTGCCCC	False	LGR6,ZBTB47
TGGTGGCACTGGATG	False	
TGGTGGGCTGTGGCT	False	
TGGTTACCAAAGTGT	False	
TGGTTGAGCTGCAAT	False	
TGGTTTGGATGCAGC	False	
TGTAACAACTCCTGG	False	SLC6A3
TGTACCCAGCTCTGA	False	
TGTACGGTCAAGTGT	False	WNT8A
TGTAGCAAAGTGCTC	False	PTCH2
TGTATACGACTGCGG	False	
TGTATGGGGTACTCA	False	
TGTCAACGTCATCTT	False	
TGTCACCTGCTCCCC	False	USP36
TGTCAGCAGCCTCCT	False	CCDC106
TGTCATCCCTCACGA	False	
TGTCCACACCGCCAG	False	
TGTCCCCAACAGCAA	False	
TGTCCTTCTCACTTC	False	
TGTCTCCTTCTTCGC	False	
TGTCTGCCTGGAGTG	False	ZNF875
TGTCTTCCAACCCTG	False	
TGTGAAGAATGTGGA	False	ZNF100,ZNF155,ZNF189,ZNF224,ZNF417,ZNF418,ZNF562,ZNF573,ZNF829,ZNF850,ZNF93
TGTGACTACCAGCTT	False	PLEKHM3
TGTGAGGCCAACAAA	False	
TGTGATGAATGTGGG	False	ROPN1B,ZFY,ZNF100,ZNF189,ZNF224,ZNF418,ZNF483,ZNF562,ZNF639,ZNF665,ZNF829,ZSCAN16
TGTGCCACCCCTGTC	False	
TGTGCGGCCCAGGGG	False	
TGTGCTGGATAACCT	False	
TGTGCTGTGGCCGCC	True	C19orf85
TGTGGAATACAAGGG	False	
TGTGGAGGCCTTCGA	False	CYP26A1,PTCH2
TGTGGCATTTTTCAT	False	
TGTGGCCTTCGCACA	True	
TGTGGTCAAGCTGTA	False	
TGTGTAAGAGCTATA	False	
TGTGTCGGCAAAGCT	False	
TGTGTGGCCAGTCGT	False	
TGTGTTGGTCCCCGA	False	
TGTTAGCTGGAAAGC	False	
TGTTCACCCAAGGCT	False	
TGTTCCCATAGACTT	False	NRIP1,ZNF829
TGTTGAATGGGCTGA	False	SYNCRIP
TGTTGCTACAGCAGA	False	ACSM2A
TGTTGGGAATGGAGC	False	
TGTTGTTAGAGCCAA	False	
TGTTTCTATGCATTT	False	
TTAAATAGCCCTTTG	False	DCBLD1,NRIP1
TTAACCCTTACTGTG	False	
TTAAGATGTTTGATA	False	
TTAATATTATAGGTC	False	
TTAATTTCTTCAATA	False	PLEKHM3
TTACACCATGAGAAT	False	CNMD
TTACATCAAGCAAAG	False	NRIP1
TTACCAGGCAGAACA	False	HNRNPUL1
TTACCTACATCTTGC	False	
TTACGGCACGTCCAA	False	MYOT
TTACTGAATTGGTCA	False	FTSJ3,MYBPC1
TTACTTGAAACAGCA	False	
TTAGAGCCAAAAACG	False	
TTAGCCGGCAGTCAC	False	ZNF875
TTAGTCAGTTTGGGA	False	SYNCRIP
TTATAACATTGAAGA	False	
TTATATCCATGTTCT	False	
TTATCCAGAAAAACA	False	
TTATGAAGATCCTGA	False	GUCY1B1,TEX55
TTATGTATGTTGTAG	False	
TTATTCACAGAGAGG	False	SYNCRIP
TTATTGTGGGGAGAG	False	GTF3C4,MYBPC1
TTCAAAGAAACCCAA	False	
TTCAAGCTCAGGATG	False	MYOT
TTCAATCTTGTGTGC	False	
TTCACAGAGAGGAGG	False	SYNCRIP
TTCACCCCTCTGCAC	False	
TTCACTCTGCCCCCA	False	
TTCAGACAGAGTTCA	False	ZNF224,ZNF483
TTCAGCAGATGCCAT	False	
TTCAGCTTCTTCCCC	False	
TTCAGGTTCCTGGCT	False	
TTCAGTTTATTTGGA	False	
TTCATGCTGCTCCTG	False	SCYL1
TTCATTGGAATGAAG	False	
TTCCAATTTGCTCAG	False	USP36
TTCCAGAGGAAGGAG	False	AKIP1,MPC1L
TTCCAGGTCCGGCAG	False	
TTCCATGTCTTCTTG	False	
TTCCCCTGGGTGGCC	False	GRM3
TTCCGAAAGACCAGC	False	
TTCCGGTGGGCCCTG	False	
TTCCTCATCCTTTAA	False	ZNF562
TTCCTCTTTGCGGTG	False	
TTCCTGGATGAACCC	False	UBASH3B
TTCCTGTTGTCTCTT	False	PHC3
TTCGAACATTATACA	False	
TTCGAGGTGCGAGAG	False	SYNCRIP
TTCGCCGAGAACCAG	False	
TTCGGCACAGGGCCG	False	USP36
TTCGGGTTGCTCTGA	False	CYP26A1
TTCGTGGCCGAGCTC	False	
TTCTACCCCCAGAAG	False	NR1H4
TTCTCAGTGGAGGAG	False	
TTCTCCTACGCCACA	False	
TTCTCTCTTACTGCC	False	
TTCTGACTACATCTC	False	DNAJC16
TTCTGGAGGATCAGC	False	
TTCTGGTGGAATTTT	False	
TTCTGTGAGAAGGAC	True	RARS1
TTCTGTGTTGCTACA	False	
TTCTTCAGGATTGCC	False	
TTCTTGAGTGCTTTT	False	
TTGAAAACTCCAACA	False	
TTGAAGCCAGCTCCT	False	
TTGAATTGGTTCAGC	False	
TTGACCAATCCTCTT	False	
TTGACTCGGAGACAA	False	CLCN7
TTGAGCACGAACGAA	False	
TTGAGGATGTCAGCA	False	
TTGATAAGAATCAAA	False	MYBPC1
TTGATGAGGATCAGA	False	
TTGCACACATGAAGA	False	
TTGCAGCCGTCGCAT	False	
TTGCATTTGCTCAGA	False	
TTGCCAGTGCCACCA	False	
TTGCCGGAGGTAGCA	False	
TTGCGCACCTGCCAC	False	
TTGCTATCTACTTCG	False	
TTGCTGAGCTGGTGT	False	
TTGCTGTGGTGGGAA	False	SEPTIN10
TTGCTTTGGGCCTCG	False	
TTGGAAGACCTAAAA	False	SMARCAD1
TTGGACTTCAGTCAG	False	
TTGGAGGTGGTGCCG	False	
TTGGCAAAAGGCCTG	False	
TTGGCATTTATAATA	False	
TTGGCGGGAGTGGAC	False	
TTGGGAAAAATCTTG	False	
TTGGGCACGGAACCC	False	HS3ST2
TTGGGGGTCATGGAC	False	DEPP1
TTGGTCAAAAGCTGG	False	
TTGGTGGGCTGTGGC	False	
TTGTAATCTTATTCG	False	ZNF189
TTGTCAAAGCCCTGG	False	
TTGTCCCTATGTCCC	False	
TTGTGAACATCATCC	False	ZNF365
TTGTGCCTGCCTTTG	False	
TTGTGGCATTTTTCA	False	GOLGA8G
TTGTGTCCTGCTTTC	False	
TTGTTCCTTTGGCTG	False	MYBPC1
TTGTTTCTGATACTA	False	
TTTAAATTTCCATGT	False	
TTTAAGTCCTTTGAG	False	
TTTAATGAAGGAAAT	False	
TTTACAGTCGAGCTG	False	CYP26A1
TTTACCACAGAAAGT	False	SYNCRIP
TTTACTATATTTTCG	False	
TTTACTGTCAGTCCA	False	
TTTAGCGCATCTTGG	False	
TTTAGGAATCTATTC	False	
TTTATATGCATTTGT	False	
TTTATCACCCTCAAT	False	
TTTATGGAACACATG	False	
TTTATGGTAAAAGGG	False	
TTTATTTTCATTTTC	False	
TTTCAAAAGAACCTT	False	
TTTCAAAGGAATATT	False	
TTTCAAGATGGATGG	False	
TTTCACAGCTTCTAG	False	
TTTCACCTTACAACT	False	PLEKHM3
TTTCACTGACTTTGA	False	
TTTCAGGATTTGCTG	False	
TTTCAGTACTCGATG	False	
TTTCAGTATTTGCTG	False	
TTTCATAGCCTTCAT	False	
TTTCATTTCAAAGGC	False	PCBD1
TTTCCAAGAAACTAA	False	
TTTCCACCATCAACC	False	
TTTCCAGCGTGACAT	False	
TTTCCATGCAACATA	False	
TTTCCCAGACAACAA	False	KY
TTTCCGAAAAGTTAG	False	
TTTCCTACCGTCGCC	False	
TTTCCTCTCTATATT	False	
TTTCCTGGATGGAAC	False	PLEKHM3
TTTCGAAGAATATAG	False	
TTTCGCCTACTCGCA	False	
TTTCGGATCCTCTTA	False	
TTTCGGGATGTCCGG	False	
TTTCGTTCCGTGGCG	False	
TTTCTAAGTCCGAAA	False	
TTTCTACTGACTCGT	False	
TTTCTCCAGCCTCCT	False	ADGRE3
TTTCTCCTGAGACCC	False	
TTTCTCGACCTGTTT	False	
TTTCTCGGCGAAAAT	False	
TTTCTGCCATCAAGC	False	DRICH1
TTTCTGGGCTCTTTT	False	
TTTCTGGGTCCTTAC	False	
TTTCTGGTGTAATGC	False	
TTTCTTATGACGGGA	False	
TTTCTTGTATGAATG	False	
TTTCTTTCTCATAGA	False	
TTTGAAAGTGGAAGT	False	
TTTGAATCATATCCT	False	
TTTGACAACAACACC	False	
TTTGACAACCTGGTT	False	RAB2A
TTTGAGCCCAAGAAG	False	MYBPC1
TTTGAGGAATGTAGT	False	NRIP1
TTTGATCCGGAAGGC	False	
TTTGATGATGTCCAG	False	
