oligo	WNT4	off_target
AAATAAAATTGTCCTGAAA	False	NPIPB4,NPIPB5
AACCCTACAAATGTAAGGA	False	ZNF562,ZNF879
AAGGTGGTGACGCAAGGGA	True	
AATACACACAGGAGAGAAA	False	BCL6,ZNF189
AATTGTCCTGAAAGACGTC	False	NPIPB4,NPIPB5
ACACATGCGGGTCGAATGC	True	
ACACTCGGCTCCTTGCCCG	True	
ACAGGGCTTCCAGTGGTCA	True	
ACAGTTCAACCCGCACACA	True	
ACTCCTGATCCACCCCCGG	True	
AGAGGAACAAGAGCCTTCC	True	
AGAGGAAGAGGAAGAAGAT	False	KLHL33,USP36
AGGAGAAGTTTCATGGTGC	True	
AGGAGGAGACGTGCCAGAA	True	
ATCCGGCGCTGGAACTGCT	True	
ATCCTGACACACATGCGGG	True	
ATGAACCTCCACAACAATG	True	
CAATGAGGCCGGCAGGAAG	True	
CACCTGCTGAGCGTCTGCG	False	NPIPB4,NPIPB5
CACTGAAGGAGAAGTTTGA	True	
CAGGGCACTGGTGCCAAGC	True	
CAGGGCACTGGTGCCACGC	True	
CATCAAAGAACTCACACTG	False	ZNF189,ZNF879
CATCGCCTACGGTGTGGCC	True	
CCACTGAGGTGCAGCCACG	True	
CCCACAGGGCTTCCAGTGG	True	
CCCTCAGCGGATGATAAAC	False	NPIPB4,NPIPB5
CCTGAGTGTCTGCTCACTC	False	NPIPB4,NPIPB5
CGCACACAGATGAGGACCT	True	
CGCCGCGGTGACCAGCTGG	True	
CGGATGATAAACTCAAGAC	False	NPIPB4,NPIPB5
CGTCGGTGGGGAGCATCTC	True	
CTCACTCCCTTTCCACCCT	False	NPIPB4,NPIPB5
CTCCTGCGCCACCCCCGGC	True	
CTGAGCGTCTGCGGGGGCC	False	NPIPB4,NPIPB5
CTGCTGAGCGTCTGCGGGG	False	NPIPB4,NPIPB5
CTGGCCATTGAGCAGTGCC	True	
CTGTGAGGTAAAGACGTGC	True	
CTTGCCCGTCTTCGGAAAG	True	
CTTGGACCCTAGCCCCGAC	True	
GACAACATCGCCTACGGTG	True	
GATGTGCAAGCGGAACCTG	True	
GCAACAAGACGTCCAACGC	True	
GCATCAAAGAATTCACACT	False	ZNF189,ZNF879
GCGGAACCTGGAACTCATG	True	
GCTCCACCCCCGGCTTCAA	True	
GCTGGCGAGCCGTGCCGCC	True	
GGAGAAGTTTGTTGGTGCC	True	
GGCCATCGACCGCTGTGAG	True	
GGCCGAGCTGTCCACCTGC	False	NRARP,WNT5A
GGCTTCAACCCAAGGGTCT	True	
GTGCCACTGAGGTCGAGCC	True	
GTGCTCCTTCGTCAAGTGC	True	
GTGGCCGCGGCTTCCACAC	True	
GTGGGGAGCTGCAGAAGTG	True	
GTTTGTCGATGTGCGGGAG	True	
TCCAGAAAAACAGCTACAG	False	ATF6
TCCAGCAGGGCATGAAGAA	False	ATP1A2
TCCAGGAAATTCAGAAGGA	False	GPR15
TCCAGGCCCCTGGTCCCAA	False	KLHL33
TCCAGTCACCGGCATGTGT	False	ADAMTS3
TCCATACACCCAGATACCG	False	DSC1
TCCATCGTCACGGGGGTGG	False	ATP1A2
TCCATGGTTTGTTTCTGAT	False	ARMT1
TCCATTTGGTCCTCCAACA	False	EXOC1L
TCCCACCCAGCTCCAAGCC	False	ANKRD33
TCCCATAGACTTGTCTTGC	False	NRIP1
TCCCCCTCTTTTGCAGTTA	False	KPNA1
TCCCCTCCAGCCAAGAGCC	False	BCL6
TCCCGATGCAGTGGTCAAG	False	ADAMTS3
TCCCTCCGGGCCGACGCCC	False	HS3ST2
TCCCTGGCCAGAGTGACCT	False	PLBD2
TCCCTTCCCCCAATCAGAG	False	DPP9
TCCGACCTGGCCAAGAAGA	False	ABCF2-H2BK1
TCCGCAGAAGGGGAGACAC	False	ATF6
TCCGGCAGCTCACCACAAC	False	CFAP91
TCCGTGTACTTGCTCGGAT	False	SLC7A3
TCCTATAATGATGCCCTCC	False	TRPM8
TCCTCACTGTGCCAGTGGG	False	CDCA8
TCCTCCAGCGGATCCTGGC	False	SLC25A41
TCCTCCTCTCCAAGGCATC	False	ANKRD33
TCCTCTATGCGGAGGTCTT	False	BCAP31
TCCTCTTGGCTTTATGGGT	False	MTMR8
TCCTGACTGGAGTGCTGGG	False	GPR15
TCCTGCAGCTGAAAGGCCT	False	PLBD2
TCCTGCTCTGCAGCACGCT	False	PTGES
TCCTGGAGATCCAGGCTGC	False	DNAJC22
TCCTGGCTCACGTCAGCTC	False	SLC7A14
TCCTGGTGCCTCTATGGGT	False	SLC50A1
TCCTGTGTGTCAGACCAGA	False	TRIM22
TCCTTCATCATCTTTGGTT	False	SLC7A14
TCCTTGAAGAACATGAATA	False	BLMH
TCCTTTACCATGCTCATTT	False	ASS1
TCGAGGACATCCAGCAGGA	False	STK25
TCGATGAGATCAAGAGGAA	False	CFAP45
TCGCAGATTTGGTCAAAAG	False	SLC7A3
TCGCCATGCTGGCCACCCT	False	MYADML2
TCGCCGTCTCTGCGCTGGT	False	MYADML2
TCGCGGTCATCGTGACCAT	False	SLC7A14
TCGCTGTTAGGAACCTTAC	False	ZC3H7A
TCGGAGACCATGGAATGGA	False	ENPP2
TCGGCATCACCTCCTACGA	False	DPP9
TCGGCTATGGGATCCAGCA	False	SLC7A3
TCGGTTATTTCACAGACAC	False	ATF6
TCGTCCCCTACCAGAGCCC	False	ANKRD33
TCGTGAGGTGGTGGAGAAC	False	BCL6
TCGTGGGCACCCCCTTCTG	False	STK25
TCGTTTCAGTCAAGACAAT	False	LAP3
TCTAAGCAATGGTATGGAG	False	TRPM8
TCTACAGGCTGACTGTCCA	False	PLEKHM3
TCTACCGCTCCCGCATGAA	False	HMOX1
TCTACTTCAACTCCTTCCT	False	CRHR1
TCTATAACTGATAACTCCC	False	NPIPB4,NPIPB5
TCTATGCCTTCGTTGGGGA	False	CCR2
TCTCACCAGCCTGGACTTC	False	ENPP2
TCTCATGAAGTTGGAAGTG	False	ZC3H7A
TCTCCACTATTTTTTACCA	False	DTNA
TCTCCCCCCGCCGCCCCAG	False	PRRT1
TCTCCTAGCATGCCCTTTT	False	ZC3H7A
TCTCCTGTGAGTGAGGGGG	False	SLC7A14
TCTCGCTGATTTGGCGGTG	False	PTGES2
TCTCTAGTGATGCCTACAT	False	ADAMTS3
TCTCTCTCCTGGTTTTAAC	False	DSC1
TCTCTGGCCGGCTCAGTAG	False	DSC1
TCTCTTGCTCTTGACAATG	False	RP1
TCTGAAGAGATTGCAGAGC	False	SETDB1
TCTGACCTTGTGTGCCATG	False	MTMR8
TCTGATGGATGGGACCGCA	False	MTMR8
TCTGCAGATGATTGATGGA	False	EXOC1L
TCTGCCATCTGCAGTGCTG	False	ZC3H7A
TCTGCGCTCCGGAGCCTGC	False	KCNQ2
TCTGCTGCTCCTGTCCTGG	False	DPP9
TCTGGACAAAGCCTCAGGA	False	NGDN
TCTGGCCTGGCTGGCCTGG	False	ABCF2-H2BK1
TCTGGGATTTGCATGTTTG	False	RP1
TCTGGGTTTGCCCTGAAGG	False	KCNQ2
TCTGTAAGGAGGATGGAAA	False	TRIM22
TCTGTCGAGAATTTCCTCT	False	RP1
TCTGTGCTGATCCCCACCG	False	ASDURF
TCTTCCCTTTGGCTTTGGC	False	CYP27B1
TCTTCTCTGCGAGTAGGTA	False	RP1
TCTTGAAGAATTTAGCAAA	False	SYNCRIP
TCTTGCTACATCATTGATG	False	SETDB1
TCTTGGGTTCGTCATGATC	False	SLC7A3
TCTTTATCATCAATCTGGC	False	GPR15
TCTTTGTTGTGTTGCTTCT	False	BCAP31
TGAAAAACTATATATAAAT	False	ZC3H7A
TGAAAAGCCTGAGTCGGTC	False	ADAMTS3
TGAAACATCTCACATCGTA	False	EVI2A
TGAAAGCAGATGTCCTGAG	False	USP36
TGAAATGAGAGTCATCTTG	False	TRIM22
TGAACACCATGACCATGCA	False	ADAMTS3
TGAACCGGCGCAGCGCCAA	False	FEM1A
TGAAGAAATCTATAAAGAT	False	GPR15
TGAAGACATAGCCAGTCAG	False	ZC3H7A
TGAAGAGTAAGGGTTTACT	False	CYP26A1
TGAAGCACCAGACCGTCTA	False	FEM1A
TGAAGCTGCTAACTGGAGA	False	ABCF2-H2BK1
TGAAGGCAAAGAAAACATC	False	LAP3
TGAAGGTGGGGAGGGCCGG	False	SETDB1
TGAAGTTCGGTATGGCTGT	False	ZC3H7A
TGAATCTGGAGGAGTGTCT	False	DSC1
TGAATGTGACGCTTGTGGT	False	ZNF189
TGACAAGACCTCGGAGCTC	False	PLBD2
TGACACCTTTTTCCTGGAG	False	RP1
TGACAGCCGGTGATGAGAA	False	MYBPC1
TGACCAATTCCTTCGGGAA	False	DTNA
TGACCCTGGCCTTACAGCG	False	CFAP91
TGACCTCTGCAGCCGACAG	False	NSDHL
TGACGCCATTGGAGAGAAG	False	RP1
TGACTCTGGTGTTTACCAC	False	MYBPC1
TGAGAAGGCTGAAGAGGCG	False	TMUB2
TGAGACTTACAGGGCCAAG	False	SEPTIN3
TGAGATATGCAGCACCTAC	False	MTMR8
TGAGCAAGCGGCTCCGCAA	False	CBX2
TGAGCATCTCCTTGACATC	False	TMUB2
TGAGCCTCCCCTTTGCCCC	False	ANKRD33
TGAGCTCTCCCGGCACCCC	False	CYP27B1
TGAGGAACAAACCCAAGGA	False	PLEKHM3
TGAGGAGCCAACTGTAAAA	False	ZNF189
TGAGGGAAAGTGGATGGAA	False	MTMR8
TGAGTCAAAAAAACAGAAA	False	RP1
TGAGTTTGAGGGTGGTATG	False	ABCF2-H2BK1
TGATATCCAGACCATATCC	False	SETDB1
TGATCCAAGTGTAAATTAT	False	TRIM22
TGATCCAGAGGCAGGTCCA	True	
TGATCGCTAGCCTGGTGGA	False	TRPM8
TGATGAAAACCAGAAACAG	False	CFAP45
TGATGAGCTCCATGTGCAG	False	KLHL33
TGATGCCAATGTAAAATGG	False	MYBPC1
TGATGGAACAGGTCCAGGT	False	RP1
TGATGGCTGTAACTGCACA	False	NGDN
TGATGTCCTTGACATGAAG	False	GSTM5
TGATTATCGAATCGGTATT	False	ACTR10
TGATTGCAAATGATGAGTT	False	SLC7A14
TGATTTTTGGGCTCCTGGA	False	ATP1A2
TGCAAATAGATTTACCAAT	False	ADAMTS3
TGCAACTACAGTGGGTGGT	False	PLEKHM3
TGCAAGGATGGGTGTCGGG	False	SETDB1
TGCACAACAACGAGGCCGG	False	WNT5A
TGCACCACTCTGTACCATA	False	ARMT1
TGCACGGACTCAGTTTGAG	False	DTNA
TGCACTTCGATGGCGAGAC	False	FEM1A
TGCAGACGCATGTCTCTGA	False	KRT5
TGCAGATTTCACTGTGGGG	False	ARMT1
TGCAGCAGTGGGGAGCTGC	True	
TGCAGCCCGGAAAGAAACA	False	MTMR8
TGCAGCTGGCCTTTGGCTG	False	MYADML2
TGCAGGCGGGTGTCTGTGC	False	USP36
TGCAGTACCAGAGCTCTTC	False	KLHL33
TGCAGTTGGCCGATCTTGC	False	DSC1
TGCATCGCCAAGTCCCAGG	False	ASS1
TGCATTCCTTGTAACCAAT	False	ENPP2
TGCCAACATCCCCCTACCT	False	ATP1A2
TGCCACACGGCATTCTTTG	False	ATP1A2
TGCCACTGCCCCCCCTTCT	False	CYSRT1
TGCCATCAACTAACTATCC	False	SETDB1
TGCCCAAAAGACAAGCAGG	False	TMUB2
TGCCCAGTCCCTGGGTAAG	False	WNT8A
TGCCCGGAAACCGTTCTGT	False	KCNQ2
TGCCGCCCTTCCGCCAGGT	True	
TGCCGTCGCTGCTGCTGCT	False	PLA2G10
TGCCTGAAAAACTATGACT	False	GPR15
TGCCTGGGAACTCTGCCAA	False	KLHL33
TGCCTTTACAGTTTGATCT	False	ZC3H7A
TGCGACTCTTGCTTTCAAG	False	PLEKHM3
TGCGCGGAATCGAGCTCCT	False	KLHL33
TGCGGAGGGACGGGCCGGA	False	PPP1R13L
TGCGGCTCTATCGTCTGGG	False	DNAJC22
TGCGGTGAAGGAACGGAGG	False	ADAMTS3
TGCGTGTGGTTGGAAGAAG	False	ABCF2-H2BK1
TGCTACAAGGACTGGACAC	False	PUS3
TGCTATAAAAATGGCATCT	False	DEFB134
TGCTCACAGCTACAAGGGA	False	EVI2A
TGCTCCACACTCGACTCCT	True	
TGCTCCTGCTGCTCATTAT	False	SLC7A3
TGCTCTCTTTGCTGAACTC	False	ATF6
TGCTGAAGGGGCTGAGGTA	False	MAPK12
TGCTGAGTAGCCCAAAGGA	False	KPNA1
TGCTGCAGGCAACAAGCCC	False	ADISSP
TGCTGCGTGTGATGGAGGG	False	PTGES2
TGCTGCTTTATCTCAGTGT	False	GLTPD2
TGCTGGATTTCCGGGTGGG	False	TMPRSS2
TGCTGGGCACGAGGCGCCG	True	
TGCTGGGGTTGCCTACTCT	False	GPR15
TGCTTCCTGGGGAGGGATA	False	ANKRD33
TGCTTTGACAGGGGGAACT	False	NGDN
TGGAAAACATATTGGTGTC	False	SYNCRIP
TGGAAACTTCCTTGGTAAC	False	MTMR8
TGGAAATGGGTGATGAGTA	False	SETDB1
TGGAACCACAGGGTGTAAT	False	ZNF189
TGGAACTGTTGAATGGGCT	False	SYNCRIP
TGGACAATGAGGAGCAGAG	False	TRIM22
TGGACATGATGGATCCACG	False	NPIPB4,NPIPB5
TGGACCCTGCTGCAGGAGC	False	KRT5
TGGACGAGGCTTTACTTGG	False	ZNF875
TGGACTCGCTTTCAGGAAG	False	KCNQ2
TGGAGAAAAACCTTATAAA	False	ZNF879
TGGAGAAGTTTATGGACTT	False	NRIP1
TGGAGCACCTCGCCCTTCA	False	PLBD2
TGGAGCGGGCCCCAGCAGA	False	SETDB1
TGGAGGACACAGACACCAC	False	HDDC3
TGGAGGATTTGTGCCTTTC	False	SLC7A3
TGGAGGGCCAGTTGTACGT	False	KLHL33
TGGAGTACCTCATCCAGGA	False	FEM1A
TGGAGTTCCCCAAGGCGCA	False	ZNF879
TGGATAGTGATGAGCTCCA	False	KLHL33
TGGATCTGGGGAGGCTGCA	False	WNT8A
TGGATGCAGGAAGAGATGG	False	PLBD2
TGGATGTCGGGAATGCTGA	False	BCAP31
TGGCAATGGGTGGACGGCT	False	CD209
TGGCACTGCGGCCGGAGCC	False	SLC7A14
TGGCAGCACCGCTTCCCAA	False	ZC3H7A
TGGCATTGTCACTGGAATG	False	RP1
TGGCCACCTCGATGGGGAC	False	MTMR8
TGGCCATCTCCCAGACCCT	False	SLC25A41
TGGCCCCTTGCCTCCCCTT	False	SLC7A14
TGGCCGCAATCAGCAGCCT	False	KLHL33
TGGCCTATGACTATTCCAG	False	FEM1A
TGGCCTGGTGGCCAAGGAA	False	SLC7A14
TGGCGAGCCCTGCCGCCCT	True	
TGGCGCAGGAGCACACAGA	False	IL20RA
TGGCGGGCTGATGGGCAAG	False	KLF4
TGGCTAGCCAGCTTTGGGA	False	CYP27B1
TGGCTCCTGCTGTGCAGAG	False	NRIP1
TGGCTGAGTCATCTCTCTC	False	ZNF875
TGGCTGGAAGTGCAATGTC	False	WNT5A
TGGCTGTGGCTAGGCCAGA	False	TMUB2
TGGGAAGTGTCATGGCTCC	False	ADAMTS3
TGGGAGGAAGGTCCTCCTA	False	ENPP2
TGGGATCCCCAAACTGGCA	False	IL20RA
TGGGCACCGTCCAGGAGAA	False	TRPM8
TGGGCCAATAAGTCTTCGC	False	RP1
TGGGCCGTATTGACATCGT	False	ASS1
TGGGCGTATGGGAATACCC	False	MTMR8
TGGGCTGCACTTGTGATGA	False	ENPP2
TGGGGAACCCCAACAAAGG	False	NRIP1
TGGGGAGGGATAGTCCACC	False	ANKRD33
TGGGGCGGCAGAATGAGCT	False	PLEKHM3
TGGGGGCCTTGCCTTGGGC	False	MRPL12
TGGGGTCTTTACCAATTCA	False	LAP3
TGGGTCACGCACTGAAGGA	True	
TGGGTGGATAAAGAAGCAT	False	GPR15
TGGGTTGTGTTGGTCCCCG	False	PLA2G10
TGGTACTCTCATTTTAATC	False	OR13C9
TGGTCAAGGAATGTCAGGA	False	TRIM22
TGGTCATTGCTTAGCAATT	False	ARMT1
TGGTCTGGATAAAATTGAG	False	KPNA1
TGGTGAATTACTGCGGCCC	False	PLBD2
TGGTGCACCTGATCTCCCC	False	PTGES2
TGGTGCTATAAGGGTCATT	False	ADAMTS3
TGGTGGAGGTTTCCAGTAC	False	ADAMTS3
TGGTGGCTGTGGTGGTGGC	False	SCYGR6
TGGTGTACGAAGCCATGAA	False	SLC25A41
TGGTGTTTACCACATCAAT	False	MYBPC1
TGGTTCTCATTGTCATCCT	False	BCAP31
TGTAAAGAATGTGGAAGAT	False	ZNF562
TGTAATAGTTACAAGAATC	False	ZNF189
TGTACGAAGCCATGAAGAA	False	SLC25A41
TGTAGAATTTCCTCTAGTC	False	PUS3
TGTAGTACAATTGCCTTTC	False	OR13C9
TGTATGAGCTCTCCCGGCA	False	CYP27B1
TGTCAAAACTCACATGTTG	False	PUS3
TGTCACACTGCCCCGGCGG	False	TMPRSS2
TGTCATAAACCAGATGTGG	False	TRIM43
TGTCCATGGTCAAACCAAC	False	CDCA8
TGTCCGCCACTGCATCGCC	False	ASS1
TGTCCTGGATGACCCCAAG	False	DPP9
TGTCGGGAATGCTGAGGTG	False	BCAP31
TGTCTGAGAGCAAGAATAT	False	ASDURF
TGTCTGTGGCCCTTATTTT	False	CCR2
TGTGAAATCTCTGAAAACA	False	MYBPC1
TGTGACCACTGGACAGAGG	False	SYNCRIP
TGTGATCCCTCCGGGCCGA	False	HS3ST2
TGTGCAACAAGACGTCGGA	False	WNT5A
TGTGCAGTGCAGATGTTCC	False	OR13C9
TGTGCTGAGCAGGGCTTAC	False	PLEKHM3
TGTGGAACAGATGGAAAAG	False	CFAP45
TGTGGAGACGCTCAGGCTG	False	LAP3
TGTGGCAACGGGTGAGCTA	False	RP1
TGTGGGGCCATGGACATCT	False	MTMR8
TGTGGTGGATGAACTTTCT	False	ASDURF
TGTGTCAGACCAGATTCCA	False	TRIM22
TGTTACACTCGAGCTGAGG	False	PLA2G10
TGTTCATCTTTGGTTTTGT	False	CCR2
TGTTCCTGATTCCCAAGAA	False	STK25
TGTTCTGTCCCAGCTGCCC	False	CYP27B1
TGTTGGAACTGTTGAATGG	False	SYNCRIP
TGTTGTCCTCTCTACCTCA	False	USP36
TGTTTATTATACCCTTGGT	False	TRPM8
TGTTTTTGCCAAGCCACCA	False	SYNCRIP
TTAAAGACAGTGATCTCTC	False	SYNCRIP
TTAACACCTATGCCATAGC	False	MYBPC1
TTAAGAAAGTCAGCTCAAG	False	SETDB1
TTACAGCTCAGAGGCATCG	False	DNAJC22
TTACCAATAAAGAGATATA	False	ADAMTS3
TTACCCCAAAAGAGTGGAA	False	COX7B2
TTACTATTTCACTTGAGGA	False	DSC1
TTACTGTGCCTGAAAATTG	False	DSC1
TTAGACATAGCAGGCGTGA	False	LAP3
TTAGCACAATGTGGAATGC	False	NRIP1
TTAGGCAACCTGGAGGCCA	False	PLEKHM3
TTAGTGTCCTATGGCAACA	False	BCAP31
TTATACGGGGACAAATCCG	False	PRR15
TTATCAGACATCAGAGGAC	False	ZNF875
TTATGCAGAACTTTCACCT	False	PLEKHM3
TTATGGCTCAACATTTAAG	False	ENPP2
TTATTGAACATCAGAGGAT	False	ZNF189
TTCAAAAAAGGGGTCCCTG	False	ASS1
TTCAACAAAAGAAATATAT	False	RP1
TTCAAGACCGTGCAGACGG	False	WNT5A
TTCACACAAAGAGTTCATT	False	SNX6
TTCACCAAGCTCGACCGCA	False	STK25
TTCACCTTTTTTGTCCCTT	False	GPR15
TTCACTTTAAGGTGCCTGC	False	SLC7A3
TTCAGAGTATTATGTGACA	False	MYBPC1
TTCAGCCGGCTCATCTACA	False	TRPM8
TTCATAGAGTTGCTCAGCT	False	KPNA1
TTCATCTGCATTGGCTGGG	False	CRHR1
TTCCACCCTCAGCGGATGA	False	NPIPB4,NPIPB5
TTCCAGCCGTGAACCTTTG	False	DTNA
TTCCAGTGGTGCTGTACGG	False	WNT8A
TTCCCAAAGGTGTGGCCAC	False	MTMR8
TTCCCCAGATCAAGGCCGG	False	PGAM2
TTCCCTCACTTGCTCCGGG	False	GLTPD2
TTCCGCATAAACGAGGTGG	False	TRIM22
TTCCTACTGCAGAAACGAA	False	NRIP1
TTCCTCCTACTTCTACTAA	False	CFAP91
TTCCTGCAGATTCTGCGGA	False	KCNQ2
TTCCTGGGGATGGGGCTAC	False	ZC3H7A
TTCCTTGCCTATGATGTCC	False	GSTM5
TTCGACCGCTTCACTGGGT	False	DPP9
TTCGCAAGGACAGCTCAGA	False	RP1
TTCGCGCTGCTGCTGCTTT	False	GLTPD2
TTCGGCGAGGGCTGCTACC	False	CRHR1
TTCGTCAACGGCAAAATCT	False	DSC1
TTCTAAACCAAAACTCATT	False	ZNF875
TTCTCAATGCCACCATCCA	False	USP36
TTCTCCACAGATTGCTTGC	False	ACTR10
TTCTCCTTCGCCCAGGTTG	False	WNT5A
TTCTCTTTTCCAAGCCAAA	False	ZNF879
TTCTGATGGATGGGACCGC	False	MTMR8
TTCTGCTCAGTCCAACCCT	False	SETDB1
TTCTGGCTATCAGCTTCGC	False	ADAMTS3
TTCTGTCAAATGGAAGTGT	False	ADAMTS3
TTCTTACAAAGATCCATAT	False	ADAMTS3
TTCTTGGACATCTGCTACA	False	OR13C9
TTCTTTGTCTCCTGGAACA	False	EVI2A
TTGAAGTGACTGGCCAGGC	False	PUS3
TTGACAATGGCATTGTCAC	False	RP1
TTGAGAACTCTAAAAGTAC	False	DSC1
TTGAGCGTCAGTAAGCGAG	False	NGDN
TTGAGGGTTTGAAGAAGAT	False	GSTM5
TTGATCATCAAAATTGAAG	False	DSC1
TTGATGCTGACAACACAGT	False	MYBPC1
TTGCAAACACCGAACTGAA	False	NRIP1
TTGCACTGCGCGGCGTCGT	False	PPP1R13L
TTGCCAAGGAGTTCGTGGA	False	WNT5A
TTGCCCATTAATATTATAG	False	LAP3
TTGCCTCGCAGCTGGCAGC	False	PPP1R13L
TTGCGGGGATTTTGAGACA	False	TMPRSS2
TTGCTCCGGGAGGAAGCCC	False	GLTPD2
TTGCTGCTGAGGAGGAATG	False	ZC3H7A
TTGCTTCAGAGAATTTCCT	False	ZC3H7A
TTGGAAACTGTTCCTTTGC	False	ZC3H7A
TTGGAATTGCTGGGAGCTA	False	FEM1A
TTGGAGATATCAAGTCCCC	False	CFAP45
TTGGATCAATCAGAGATTC	False	ACTR10
TTGGCACGCCAATTGATGG	False	LAP3
TTGGCCCAAATGATAATGA	False	ZC3H7A
TTGGCTCCTGGTACCCAAC	False	SLC50A1
TTGGGACATCAACAACCAA	False	ATF6
TTGGGCTCGGTGGCGGAGC	False	KRT5
TTGGGTCCTCTGGGCTCTG	False	SLC7A3
TTGGTCTCTGTCTGTGTCT	False	SLC7A14
TTGGTTCAGCTTCTTCCCC	False	DNAJC22
TTGTAGACACAAGACCAAA	False	MTMR8
TTGTCAGACGGGCAGAAGT	False	ABCF2-H2BK1
TTGTCGCCTGGATGCACTT	False	PTGES
TTGTGAACTTCCCTGATCC	False	MYBPC1
TTGTGAGAAGTGTAACCTG	False	BCL6
TTGTGGAAATTCTTTTTGA	False	ACTR10
TTGTGGAACAGAGGGAAAA	False	CFAP45
TTGTGGGCGGCGAGAGCGC	False	TMPRSS2
TTGTGGGCTACATGCTGGT	False	CCR2
TTGTGTTGCTTCTCTGCAT	False	BCAP31
TTGTTATTATGTAGTCTGT	False	DSC1
TTGTTGAGCATCAAAGAAT	False	ZNF189
TTGTTTAAAGATGTAAACT	False	ZC3H7A
TTTAAAAAGATGAAAAACA	False	NRIP1
TTTAAAAGCCAGAACGGTC	False	CCR2
TTTAAATTCCTCCACCTCC	False	ATF6
TTTAAGCCTCATCCCAGCA	False	NGDN
TTTAATCACCATCTTGGAC	False	OR13C9
TTTACACAGCTGTGTTCCT	False	GPR15
TTTACATCTTTCTGTGTCA	False	DSC1
TTTACCTGTTGATTCCTGG	False	RP1
TTTACGGATAAAAGTTGTA	False	
TTTACTGAACTGTGGAATG	False	TRPM8
TTTACTGCATTCTCGGCTA	False	
TTTAGCACAAGGTGCAATG	False	
TTTAGGAAGCTGCATCCGG	False	TRIM43
TTTATAGGGTTATGATACC	False	
TTTATCAAGGAGTCATACC	False	ZNF875
TTTATCTTACTGCAACCCA	False	MTMR8
TTTATGCCACCTAAAAGCG	False	
TTTATGCCAGCAAGCCTCC	False	
TTTATGTACCGGTTCAACG	False	RP1
TTTATTCAGGTCAGCAGCC	False	SYNCRIP
TTTATTTCACACCATCTGG	False	
TTTCAAAGATAACGCACCG	False	
TTTCAAATGACAAAGCCAT	False	ATF6
TTTCAAGTTGGAGCTAGAG	False	SYNCRIP
TTTCACACATACTTCTTAT	False	
TTTCACCTTCATAGAGTAG	False	
TTTCACTCAACAGCGCAGT	False	ZNF189
TTTCAGTATCAAAGGACCT	False	
TTTCCAAGGGGAATGAAAA	False	
TTTCCAGGCCACGCCCCAC	False	DPP9
TTTCCCGCTAGGCCAGGCC	False	
TTTCCCTGCCCTCATTAGT	False	KPNA1
TTTCCGGCACCTTCAGACT	False	BCL6
TTTCCTTCTGTCCCAGGAA	False	CCR2
TTTCCTTTAGTATTTTATG	False	
TTTCGACTGTATTGCTACC	False	SLC7A3
TTTCGGGCAGTGAATTTCC	False	
TTTCTCAAAGCCCTCCACC	False	
TTTCTCCGCTAGGCCCATT	False	
TTTCTCTCTCCTGGTTTTA	False	DSC1
TTTCTGATGCTCTTTGTGA	False	SNX6
TTTCTGCGTGTCACTAAAA	False	
TTTCTGGCTGTGCAGTGCA	False	OR13C9
TTTCTGTTCCATTGCATCA	False	ARMT1
TTTCTTCCTACTCCAGAAA	False	
TTTCTTGTCTCCTGGCTGC	False	GPR15
TTTGAAAACTCAAAGTGGA	False	ZNF562
TTTGAACGATCGGCAGTTG	False	
TTTGAAGACAGCCCGTGGC	False	ENPP2
TTTGACCTGGGCTGCACTT	False	ENPP2
TTTGAGGCTGAGCAGGAGA	False	CFAP45
