oligo	WNT4	off_target
AAATAAAATTGTCCTGAAA	False	
AACCCTACAAATGTAAGGA	False	ZNF100,ZNF562,ZNF573,ZNF665
AAGGTGGTGACGCAAGGGA	True	
AATACACACAGGAGAGAAA	False	ZNF155,ZNF189,ZNF224
AATTGTCCTGAAAGACGTC	False	
ACACATGCGGGTCGAATGC	True	
ACACTCGGCTCCTTGCCCG	True	
ACAGGGCTTCCAGTGGTCA	True	
ACAGTTCAACCCGCACACA	True	
ACTCCTGATCCACCCCCGG	True	
AGAGGAACAAGAGCCTTCC	True	
AGAGGAAGAGGAAGAAGAT	False	NEUROD4,USP36
AGGAGAAGTTTCATGGTGC	True	
AGGAGGAGACGTGCCAGAA	True	
ATCCGGCGCTGGAACTGCT	True	
ATCCTGACACACATGCGGG	True	
ATGAACCTCCACAACAATG	True	
CAATGAGGCCGGCAGGAAG	True	
CACCTGCTGAGCGTCTGCG	False	
CACTGAAGGAGAAGTTTGA	True	
CAGGGCACTGGTGCCAAGC	True	
CAGGGCACTGGTGCCACGC	True	
CATCAAAGAACTCACACTG	False	ZNF189,ZNF670
CATCGCCTACGGTGTGGCC	True	
CCACTGAGGTGCAGCCACG	True	
CCCACAGGGCTTCCAGTGG	True	
CCCTCAGCGGATGATAAAC	False	
CCTGAGTGTCTGCTCACTC	False	
CGCACACAGATGAGGACCT	True	
CGCCGCGGTGACCAGCTGG	True	
CGGATGATAAACTCAAGAC	False	
CGTCGGTGGGGAGCATCTC	True	
CTCACTCCCTTTCCACCCT	False	
CTCCTGCGCCACCCCCGGC	True	
CTGAGCGTCTGCGGGGGCC	False	
CTGCTGAGCGTCTGCGGGG	False	
CTGGCCATTGAGCAGTGCC	True	
CTGTGAGGTAAAGACGTGC	True	
CTTGCCCGTCTTCGGAAAG	True	
CTTGGACCCTAGCCCCGAC	True	
GACAACATCGCCTACGGTG	True	
GATGTGCAAGCGGAACCTG	True	
GCAACAAGACGTCCAACGC	True	
GCATCAAAGAATTCACACT	False	ZNF189,ZNF483
GCGGAACCTGGAACTCATG	True	
GCTCCACCCCCGGCTTCAA	True	
GCTGGCGAGCCGTGCCGCC	True	
GGAGAAGTTTGTTGGTGCC	True	
GGCCATCGACCGCTGTGAG	True	
GGCCGAGCTGTCCACCTGC	False	WNT5A
GGCTTCAACCCAAGGGTCT	True	
GTGCCACTGAGGTCGAGCC	True	
GTGCTCCTTCGTCAAGTGC	True	
GTGGCCGCGGCTTCCACAC	True	
GTGGGGAGCTGCAGAAGTG	True	
GTTTGTCGATGTGCGGGAG	True	
TCCAGAAAAACAGCTACAG	False	
TCCAGCAGGGCATGAAGAA	False	
TCCAGGAAATTCAGAAGGA	False	
TCCAGGCCCCTGGTCCCAA	False	
TCCAGTCACCGGCATGTGT	False	
TCCATACACCCAGATACCG	False	
TCCATCGTCACGGGGGTGG	False	
TCCATGGTTTGTTTCTGAT	False	
TCCATTTGGTCCTCCAACA	False	
TCCCACCCAGCTCCAAGCC	False	
TCCCATAGACTTGTCTTGC	False	NRIP1
TCCCCCTCTTTTGCAGTTA	False	
TCCCCTCCAGCCAAGAGCC	False	
TCCCGATGCAGTGGTCAAG	False	
TCCCTCCGGGCCGACGCCC	False	HS3ST2
TCCCTGGCCAGAGTGACCT	False	
TCCCTTCCCCCAATCAGAG	False	
TCCGACCTGGCCAAGAAGA	False	
TCCGCAGAAGGGGAGACAC	False	
TCCGGCAGCTCACCACAAC	False	
TCCGTGTACTTGCTCGGAT	False	
TCCTATAATGATGCCCTCC	False	
TCCTCACTGTGCCAGTGGG	False	
TCCTCCAGCGGATCCTGGC	False	
TCCTCCTCTCCAAGGCATC	False	
TCCTCTATGCGGAGGTCTT	False	
TCCTCTTGGCTTTATGGGT	False	
TCCTGACTGGAGTGCTGGG	False	
TCCTGCAGCTGAAAGGCCT	False	
TCCTGCTCTGCAGCACGCT	False	
TCCTGGAGATCCAGGCTGC	False	
TCCTGGCTCACGTCAGCTC	False	
TCCTGGTGCCTCTATGGGT	False	
TCCTGTGTGTCAGACCAGA	False	
TCCTTCATCATCTTTGGTT	False	
TCCTTGAAGAACATGAATA	False	
TCCTTTACCATGCTCATTT	False	
TCGAGGACATCCAGCAGGA	False	
TCGATGAGATCAAGAGGAA	False	
TCGCAGATTTGGTCAAAAG	False	
TCGCCATGCTGGCCACCCT	False	
TCGCCGTCTCTGCGCTGGT	False	
TCGCGGTCATCGTGACCAT	False	
TCGCTGTTAGGAACCTTAC	False	
TCGGAGACCATGGAATGGA	False	
TCGGCATCACCTCCTACGA	False	
TCGGCTATGGGATCCAGCA	False	
TCGGTTATTTCACAGACAC	False	
TCGTCCCCTACCAGAGCCC	False	
TCGTGAGGTGGTGGAGAAC	False	
TCGTGGGCACCCCCTTCTG	False	
TCGTTTCAGTCAAGACAAT	False	
TCTAAGCAATGGTATGGAG	False	
TCTACAGGCTGACTGTCCA	False	PLEKHM3
TCTACCGCTCCCGCATGAA	False	
TCTACTTCAACTCCTTCCT	False	
TCTATAACTGATAACTCCC	False	
TCTATGCCTTCGTTGGGGA	False	
TCTCACCAGCCTGGACTTC	False	
TCTCATGAAGTTGGAAGTG	False	
TCTCCACTATTTTTTACCA	False	
TCTCCCCCCGCCGCCCCAG	False	
TCTCCTAGCATGCCCTTTT	False	
TCTCCTGTGAGTGAGGGGG	False	
TCTCGCTGATTTGGCGGTG	False	
TCTCTAGTGATGCCTACAT	False	
TCTCTCTCCTGGTTTTAAC	False	
TCTCTGGCCGGCTCAGTAG	False	
TCTCTTGCTCTTGACAATG	False	
TCTGAAGAGATTGCAGAGC	False	
TCTGACCTTGTGTGCCATG	False	
TCTGATGGATGGGACCGCA	False	
TCTGCAGATGATTGATGGA	False	
TCTGCCATCTGCAGTGCTG	False	
TCTGCGCTCCGGAGCCTGC	False	
TCTGCTGCTCCTGTCCTGG	False	
TCTGGACAAAGCCTCAGGA	False	NLRP9
TCTGGCCTGGCTGGCCTGG	False	
TCTGGGATTTGCATGTTTG	False	
TCTGGGTTTGCCCTGAAGG	False	
TCTGTAAGGAGGATGGAAA	False	
TCTGTCGAGAATTTCCTCT	False	
TCTGTGCTGATCCCCACCG	False	
TCTTCCCTTTGGCTTTGGC	False	
TCTTCTCTGCGAGTAGGTA	False	
TCTTGAAGAATTTAGCAAA	False	SYNCRIP
TCTTGCTACATCATTGATG	False	
TCTTGGGTTCGTCATGATC	False	
TCTTTATCATCAATCTGGC	False	
TCTTTGTTGTGTTGCTTCT	False	
TGAAAAACTATATATAAAT	False	
TGAAAAGCCTGAGTCGGTC	False	
TGAAACATCTCACATCGTA	False	
TGAAAGCAGATGTCCTGAG	False	USP36
TGAAATGAGAGTCATCTTG	False	
TGAACACCATGACCATGCA	False	
TGAACCGGCGCAGCGCCAA	False	
TGAAGAAATCTATAAAGAT	False	
TGAAGACATAGCCAGTCAG	False	
TGAAGAGTAAGGGTTTACT	False	CYP26A1
TGAAGCACCAGACCGTCTA	False	
TGAAGCTGCTAACTGGAGA	False	
TGAAGGCAAAGAAAACATC	False	
TGAAGGTGGGGAGGGCCGG	False	
TGAAGTTCGGTATGGCTGT	False	
TGAATCTGGAGGAGTGTCT	False	
TGAATGTGACGCTTGTGGT	False	ZNF189
TGACAAGACCTCGGAGCTC	False	
TGACACCTTTTTCCTGGAG	False	
TGACAGCCGGTGATGAGAA	False	MYBPC1
TGACCAATTCCTTCGGGAA	False	
TGACCCTGGCCTTACAGCG	False	
TGACCTCTGCAGCCGACAG	False	
TGACGCCATTGGAGAGAAG	False	
TGACTCTGGTGTTTACCAC	False	MYBPC1
TGAGAAGGCTGAAGAGGCG	False	
TGAGACTTACAGGGCCAAG	False	
TGAGATATGCAGCACCTAC	False	
TGAGCAAGCGGCTCCGCAA	False	
TGAGCATCTCCTTGACATC	False	
TGAGCCTCCCCTTTGCCCC	False	
TGAGCTCTCCCGGCACCCC	False	
TGAGGAACAAACCCAAGGA	False	PLEKHM3
TGAGGAGCCAACTGTAAAA	False	ZNF189
TGAGGGAAAGTGGATGGAA	False	
TGAGTCAAAAAAACAGAAA	False	
TGAGTTTGAGGGTGGTATG	False	
TGATATCCAGACCATATCC	False	
TGATCCAAGTGTAAATTAT	False	
TGATCCAGAGGCAGGTCCA	True	
TGATCGCTAGCCTGGTGGA	False	
TGATGAAAACCAGAAACAG	False	
TGATGAGCTCCATGTGCAG	False	
TGATGCCAATGTAAAATGG	False	MYBPC1
TGATGGAACAGGTCCAGGT	False	
TGATGGCTGTAACTGCACA	False	
TGATGTCCTTGACATGAAG	False	
TGATTATCGAATCGGTATT	False	
TGATTGCAAATGATGAGTT	False	
TGATTTTTGGGCTCCTGGA	False	
TGCAAATAGATTTACCAAT	False	
TGCAACTACAGTGGGTGGT	False	PLEKHM3
TGCAAGGATGGGTGTCGGG	False	
TGCACAACAACGAGGCCGG	False	WNT5A
TGCACCACTCTGTACCATA	False	
TGCACGGACTCAGTTTGAG	False	
TGCACTTCGATGGCGAGAC	False	
TGCAGACGCATGTCTCTGA	False	
TGCAGATTTCACTGTGGGG	False	
TGCAGCAGTGGGGAGCTGC	True	
TGCAGCCCGGAAAGAAACA	False	
TGCAGCTGGCCTTTGGCTG	False	
TGCAGGCGGGTGTCTGTGC	False	USP36
TGCAGTACCAGAGCTCTTC	False	
TGCAGTTGGCCGATCTTGC	False	
TGCATCGCCAAGTCCCAGG	False	
TGCATTCCTTGTAACCAAT	False	
TGCCAACATCCCCCTACCT	False	
TGCCACACGGCATTCTTTG	False	
TGCCACTGCCCCCCCTTCT	False	
TGCCATCAACTAACTATCC	False	
TGCCCAAAAGACAAGCAGG	False	
TGCCCAGTCCCTGGGTAAG	False	WNT8A
TGCCCGGAAACCGTTCTGT	False	
TGCCGCCCTTCCGCCAGGT	True	
TGCCGTCGCTGCTGCTGCT	False	NPR1
TGCCTGAAAAACTATGACT	False	
TGCCTGGGAACTCTGCCAA	False	
TGCCTTTACAGTTTGATCT	False	
TGCGACTCTTGCTTTCAAG	False	PLEKHM3
TGCGCGGAATCGAGCTCCT	False	
TGCGGAGGGACGGGCCGGA	False	
TGCGGCTCTATCGTCTGGG	False	
TGCGGTGAAGGAACGGAGG	False	
TGCGTGTGGTTGGAAGAAG	False	
TGCTACAAGGACTGGACAC	False	
TGCTATAAAAATGGCATCT	False	DEFB134
TGCTCACAGCTACAAGGGA	False	
TGCTCCACACTCGACTCCT	True	
TGCTCCTGCTGCTCATTAT	False	
TGCTCTCTTTGCTGAACTC	False	
TGCTGAAGGGGCTGAGGTA	False	
TGCTGAGTAGCCCAAAGGA	False	
TGCTGCAGGCAACAAGCCC	False	
TGCTGCGTGTGATGGAGGG	False	
TGCTGCTTTATCTCAGTGT	False	
TGCTGGATTTCCGGGTGGG	False	
TGCTGGGCACGAGGCGCCG	True	
TGCTGGGGTTGCCTACTCT	False	
TGCTTCCTGGGGAGGGATA	False	
TGCTTTGACAGGGGGAACT	False	
TGGAAAACATATTGGTGTC	False	SYNCRIP
TGGAAACTTCCTTGGTAAC	False	
TGGAAATGGGTGATGAGTA	False	
TGGAACCACAGGGTGTAAT	False	ZNF189
TGGAACTGTTGAATGGGCT	False	SYNCRIP
TGGACAATGAGGAGCAGAG	False	
TGGACATGATGGATCCACG	False	
TGGACCCTGCTGCAGGAGC	False	
TGGACGAGGCTTTACTTGG	False	ZNF875
TGGACTCGCTTTCAGGAAG	False	
TGGAGAAAAACCTTATAAA	False	ZNF347,ZNF483,ZNF665
TGGAGAAGTTTATGGACTT	False	NRIP1
TGGAGCACCTCGCCCTTCA	False	
TGGAGCGGGCCCCAGCAGA	False	
TGGAGGACACAGACACCAC	False	
TGGAGGATTTGTGCCTTTC	False	
TGGAGGGCCAGTTGTACGT	False	
TGGAGTACCTCATCCAGGA	False	
TGGAGTTCCCCAAGGCGCA	False	
TGGATAGTGATGAGCTCCA	False	
TGGATCTGGGGAGGCTGCA	False	WNT8A
TGGATGCAGGAAGAGATGG	False	
TGGATGTCGGGAATGCTGA	False	
TGGCAATGGGTGGACGGCT	False	
TGGCACTGCGGCCGGAGCC	False	
TGGCAGCACCGCTTCCCAA	False	
TGGCATTGTCACTGGAATG	False	
TGGCCACCTCGATGGGGAC	False	
TGGCCATCTCCCAGACCCT	False	
TGGCCCCTTGCCTCCCCTT	False	
TGGCCGCAATCAGCAGCCT	False	
TGGCCTATGACTATTCCAG	False	
TGGCCTGGTGGCCAAGGAA	False	
TGGCGAGCCCTGCCGCCCT	True	
TGGCGCAGGAGCACACAGA	False	
TGGCGGGCTGATGGGCAAG	False	
TGGCTAGCCAGCTTTGGGA	False	
TGGCTCCTGCTGTGCAGAG	False	NRIP1
TGGCTGAGTCATCTCTCTC	False	ZNF875
TGGCTGGAAGTGCAATGTC	False	WNT5A
TGGCTGTGGCTAGGCCAGA	False	
TGGGAAGTGTCATGGCTCC	False	
TGGGAGGAAGGTCCTCCTA	False	
TGGGATCCCCAAACTGGCA	False	
TGGGCACCGTCCAGGAGAA	False	
TGGGCCAATAAGTCTTCGC	False	
TGGGCCGTATTGACATCGT	False	
TGGGCGTATGGGAATACCC	False	
TGGGCTGCACTTGTGATGA	False	
TGGGGAACCCCAACAAAGG	False	NRIP1
TGGGGAGGGATAGTCCACC	False	
TGGGGCGGCAGAATGAGCT	False	PLEKHM3
TGGGGGCCTTGCCTTGGGC	False	
TGGGGTCTTTACCAATTCA	False	
TGGGTCACGCACTGAAGGA	True	
TGGGTGGATAAAGAAGCAT	False	
TGGGTTGTGTTGGTCCCCG	False	
TGGTACTCTCATTTTAATC	False	
TGGTCAAGGAATGTCAGGA	False	
TGGTCATTGCTTAGCAATT	False	
TGGTCTGGATAAAATTGAG	False	
TGGTGAATTACTGCGGCCC	False	
TGGTGCACCTGATCTCCCC	False	
TGGTGCTATAAGGGTCATT	False	
TGGTGGAGGTTTCCAGTAC	False	
TGGTGGCTGTGGTGGTGGC	False	
TGGTGTACGAAGCCATGAA	False	
TGGTGTTTACCACATCAAT	False	MYBPC1
TGGTTCTCATTGTCATCCT	False	
TGTAAAGAATGTGGAAGAT	False	ZNF562,ZNF850
TGTAATAGTTACAAGAATC	False	ZNF189
TGTACGAAGCCATGAAGAA	False	
TGTAGAATTTCCTCTAGTC	False	
TGTAGTACAATTGCCTTTC	False	
TGTATGAGCTCTCCCGGCA	False	
TGTCAAAACTCACATGTTG	False	
TGTCACACTGCCCCGGCGG	False	
TGTCATAAACCAGATGTGG	False	
TGTCCATGGTCAAACCAAC	False	
TGTCCGCCACTGCATCGCC	False	
TGTCCTGGATGACCCCAAG	False	
TGTCGGGAATGCTGAGGTG	False	
TGTCTGAGAGCAAGAATAT	False	
TGTCTGTGGCCCTTATTTT	False	
TGTGAAATCTCTGAAAACA	False	MYBPC1
TGTGACCACTGGACAGAGG	False	SYNCRIP
TGTGATCCCTCCGGGCCGA	False	HS3ST2
TGTGCAACAAGACGTCGGA	False	WNT5A
TGTGCAGTGCAGATGTTCC	False	
TGTGCTGAGCAGGGCTTAC	False	PLEKHM3
TGTGGAACAGATGGAAAAG	False	
TGTGGAGACGCTCAGGCTG	False	
TGTGGCAACGGGTGAGCTA	False	
TGTGGGGCCATGGACATCT	False	
TGTGGTGGATGAACTTTCT	False	
TGTGTCAGACCAGATTCCA	False	
TGTTACACTCGAGCTGAGG	False	
TGTTCATCTTTGGTTTTGT	False	
TGTTCCTGATTCCCAAGAA	False	
TGTTCTGTCCCAGCTGCCC	False	
TGTTGGAACTGTTGAATGG	False	SYNCRIP
TGTTGTCCTCTCTACCTCA	False	USP36
TGTTTATTATACCCTTGGT	False	
TGTTTTTGCCAAGCCACCA	False	SYNCRIP
TTAAAGACAGTGATCTCTC	False	SYNCRIP
TTAACACCTATGCCATAGC	False	MYBPC1
TTAAGAAAGTCAGCTCAAG	False	
TTACAGCTCAGAGGCATCG	False	
TTACCAATAAAGAGATATA	False	
TTACCCCAAAAGAGTGGAA	False	
TTACTATTTCACTTGAGGA	False	
TTACTGTGCCTGAAAATTG	False	
TTAGACATAGCAGGCGTGA	False	
TTAGCACAATGTGGAATGC	False	NRIP1
TTAGGCAACCTGGAGGCCA	False	PLEKHM3
TTAGTGTCCTATGGCAACA	False	
TTATACGGGGACAAATCCG	False	
TTATCAGACATCAGAGGAC	False	ZNF875
TTATGCAGAACTTTCACCT	False	PLEKHM3
TTATGGCTCAACATTTAAG	False	
TTATTGAACATCAGAGGAT	False	ZNF189
TTCAAAAAAGGGGTCCCTG	False	
TTCAACAAAAGAAATATAT	False	
TTCAAGACCGTGCAGACGG	False	WNT5A
TTCACACAAAGAGTTCATT	False	
TTCACCAAGCTCGACCGCA	False	
TTCACCTTTTTTGTCCCTT	False	
TTCACTTTAAGGTGCCTGC	False	
TTCAGAGTATTATGTGACA	False	MYBPC1
TTCAGCCGGCTCATCTACA	False	
TTCATAGAGTTGCTCAGCT	False	
TTCATCTGCATTGGCTGGG	False	
TTCCACCCTCAGCGGATGA	False	
TTCCAGCCGTGAACCTTTG	False	
TTCCAGTGGTGCTGTACGG	False	WNT8A
TTCCCAAAGGTGTGGCCAC	False	
TTCCCCAGATCAAGGCCGG	False	
TTCCCTCACTTGCTCCGGG	False	
TTCCGCATAAACGAGGTGG	False	
TTCCTACTGCAGAAACGAA	False	NRIP1
TTCCTCCTACTTCTACTAA	False	
TTCCTGCAGATTCTGCGGA	False	
TTCCTGGGGATGGGGCTAC	False	
TTCCTTGCCTATGATGTCC	False	
TTCGACCGCTTCACTGGGT	False	
TTCGCAAGGACAGCTCAGA	False	
TTCGCGCTGCTGCTGCTTT	False	
TTCGGCGAGGGCTGCTACC	False	
TTCGTCAACGGCAAAATCT	False	
TTCTAAACCAAAACTCATT	False	ZNF875
TTCTCAATGCCACCATCCA	False	USP36
TTCTCCACAGATTGCTTGC	False	
TTCTCCTTCGCCCAGGTTG	False	WNT5A
TTCTCTTTTCCAAGCCAAA	False	
TTCTGATGGATGGGACCGC	False	
TTCTGCTCAGTCCAACCCT	False	
TTCTGGCTATCAGCTTCGC	False	
TTCTGTCAAATGGAAGTGT	False	
TTCTTACAAAGATCCATAT	False	
TTCTTGGACATCTGCTACA	False	
TTCTTTGTCTCCTGGAACA	False	
TTGAAGTGACTGGCCAGGC	False	
TTGACAATGGCATTGTCAC	False	
TTGAGAACTCTAAAAGTAC	False	
TTGAGCGTCAGTAAGCGAG	False	
TTGAGGGTTTGAAGAAGAT	False	
TTGATCATCAAAATTGAAG	False	
TTGATGCTGACAACACAGT	False	MYBPC1
TTGCAAACACCGAACTGAA	False	NRIP1
TTGCACTGCGCGGCGTCGT	False	
TTGCCAAGGAGTTCGTGGA	False	WNT5A
TTGCCCATTAATATTATAG	False	
TTGCCTCGCAGCTGGCAGC	False	
TTGCGGGGATTTTGAGACA	False	
TTGCTCCGGGAGGAAGCCC	False	
TTGCTGCTGAGGAGGAATG	False	
TTGCTTCAGAGAATTTCCT	False	
TTGGAAACTGTTCCTTTGC	False	
TTGGAATTGCTGGGAGCTA	False	
TTGGAGATATCAAGTCCCC	False	
TTGGATCAATCAGAGATTC	False	
TTGGCACGCCAATTGATGG	False	
TTGGCCCAAATGATAATGA	False	
TTGGCTCCTGGTACCCAAC	False	
TTGGGACATCAACAACCAA	False	
TTGGGCTCGGTGGCGGAGC	False	
TTGGGTCCTCTGGGCTCTG	False	
TTGGTCTCTGTCTGTGTCT	False	
TTGGTTCAGCTTCTTCCCC	False	
TTGTAGACACAAGACCAAA	False	
TTGTCAGACGGGCAGAAGT	False	
TTGTCGCCTGGATGCACTT	False	
TTGTGAACTTCCCTGATCC	False	MYBPC1
TTGTGAGAAGTGTAACCTG	False	
TTGTGGAAATTCTTTTTGA	False	
TTGTGGAACAGAGGGAAAA	False	
TTGTGGGCGGCGAGAGCGC	False	
TTGTGGGCTACATGCTGGT	False	
TTGTGTTGCTTCTCTGCAT	False	
TTGTTATTATGTAGTCTGT	False	
TTGTTGAGCATCAAAGAAT	False	ZNF189
TTGTTTAAAGATGTAAACT	False	
TTTAAAAAGATGAAAAACA	False	NRIP1
TTTAAAAGCCAGAACGGTC	False	
TTTAAATTCCTCCACCTCC	False	
TTTAAGCCTCATCCCAGCA	False	
TTTAATCACCATCTTGGAC	False	
TTTACACAGCTGTGTTCCT	False	
TTTACATCTTTCTGTGTCA	False	
TTTACCTGTTGATTCCTGG	False	
TTTACGGATAAAAGTTGTA	False	
TTTACTGAACTGTGGAATG	False	
TTTACTGCATTCTCGGCTA	False	
TTTAGCACAAGGTGCAATG	False	
TTTAGGAAGCTGCATCCGG	False	
TTTATAGGGTTATGATACC	False	
TTTATCAAGGAGTCATACC	False	ZNF875
TTTATCTTACTGCAACCCA	False	
TTTATGCCACCTAAAAGCG	False	
TTTATGCCAGCAAGCCTCC	False	
TTTATGTACCGGTTCAACG	False	
TTTATTCAGGTCAGCAGCC	False	SYNCRIP
TTTATTTCACACCATCTGG	False	
TTTCAAAGATAACGCACCG	False	
TTTCAAATGACAAAGCCAT	False	
TTTCAAGTTGGAGCTAGAG	False	SYNCRIP
TTTCACACATACTTCTTAT	False	
TTTCACCTTCATAGAGTAG	False	
TTTCACTCAACAGCGCAGT	False	ZNF189
TTTCAGTATCAAAGGACCT	False	
TTTCCAAGGGGAATGAAAA	False	
TTTCCAGGCCACGCCCCAC	False	
TTTCCCGCTAGGCCAGGCC	False	
TTTCCCTGCCCTCATTAGT	False	
TTTCCGGCACCTTCAGACT	False	
TTTCCTTCTGTCCCAGGAA	False	
TTTCCTTTAGTATTTTATG	False	
TTTCGACTGTATTGCTACC	False	
TTTCGGGCAGTGAATTTCC	False	
TTTCTCAAAGCCCTCCACC	False	
TTTCTCCGCTAGGCCCATT	False	
TTTCTCTCTCCTGGTTTTA	False	
TTTCTGATGCTCTTTGTGA	False	
TTTCTGCGTGTCACTAAAA	False	
TTTCTGGCTGTGCAGTGCA	False	
TTTCTGTTCCATTGCATCA	False	
TTTCTTCCTACTCCAGAAA	False	
TTTCTTGTCTCCTGGCTGC	False	
TTTGAAAACTCAAAGTGGA	False	ZNF562
TTTGAACGATCGGCAGTTG	False	
TTTGAAGACAGCCCGTGGC	False	
TTTGACCTGGGCTGCACTT	False	
TTTGAGGCTGAGCAGGAGA	False	
